L[Cï¿½ï¿½+Úšï¿½j%ï¿½(40) booets Jul 29 2019 12:21:46

rst:0x1 (POWERON_RESET),boot:0x13 (SPI_FAST_FLASH_BOOT)
configsip: 0, SPIWP:0xee
clk_drv:0x00,q_drv:0x00,d_drv:0x00,cs0_drv:0x00,hd_drv:0x00,wp_drv:0x00
mode:DIO, clock div:2
load:0x3fff0030,len:7172
load:0x40078000,len:15540
load:0x40080400,len:4
ho 8 tail 4 room 4
load:0x40080404,len:3904
entry 0x40080640
[0;32mI (31) boot: ESP-IDF v5.2.1-dirty 2nd stage bootloader[0m
[0;32mI (31) boot: compile time May  8 2024 01:07:40[0m
[0;32mI (31) boot: Multicore bootloader[0m
[0;32mI (36) boot: chip revision: v3.1[0m
[0;32mI (40) boot.esp32: SPI Speed      : 40MHz[0m
[0;32mI (44) boot.esp32: SPI Mode       : DIO[0m
[0;32mI (49) boot.esp32: SPI Flash Size : 2MB[0m
[0;32mI (53) boot: Enabling RNG early entropy source...[0m
[0;32mI (59) boot: Partition Table:[0m
[0;32mI (62) boot: ## Label            Usage          Type ST Offset   Length[0m
[0;32mI (70) boot:  0 nvs              WiFi data        01 02 00009000 00006000[0m
[0;32mI (77) boot:  1 phy_init         RF data          01 01 0000f000 00001000[0m
[0;32mI (85) boot:  2 factory          factory app      00 00 00010000 00100000[0m
[0;32mI (92) boot: End of partition table[0m
[0;32mI (96) esp_image: segment 0: paddr=00010020 vaddr=3f400020 size=096b4h ( 38580) map[0m
[0;32mI (118) esp_image: segment 1: paddr=000196dc vaddr=3ffb0000 size=0220ch (  8716) load[0m
[0;32mI (121) esp_image: segment 2: paddr=0001b8f0 vaddr=40080000 size=04728h ( 18216) load[0m
[0;32mI (131) esp_image: segment 3: paddr=00020020 vaddr=400d0020 size=1364ch ( 79436) map[0m
[0;32mI (159) esp_image: segment 4: paddr=00033674 vaddr=40084728 size=0801ch ( 32796) load[0m
[0;32mI (179) boot: Loaded app from partition at offset 0x10000[0m
[0;32mI (179) boot: Disabling RNG early entropy source...[0m
[0;32mI (190) cpu_start: Multicore app[0m
[0;32mI (199) cpu_start: Pro cpu start user code[0m
[0;32mI (199) cpu_start: cpu freq: 160000000 Hz[0m
[0;32mI (199) cpu_start: Application information:[0m
[0;32mI (202) cpu_start: Project name:     bai5[0m
[0;32mI (207) cpu_start: App version:      v5.2.1-dirty[0m
[0;32mI (212) cpu_start: Compile time:     May  8 2024 01:06:53[0m
[0;32mI (218) cpu_start: ELF file SHA256:  2fbab6a60...[0m
[0;32mI (224) cpu_start: ESP-IDF:          v5.2.1-dirty[0m
[0;32mI (229) cpu_start: Min chip rev:     v0.0[0m
[0;32mI (234) cpu_start: Max chip rev:     v3.99 [0m
[0;32mI (239) cpu_start: Chip rev:         v3.1[0m
[0;32mI (244) heap_init: Initializing. RAM available for dynamic allocation:[0m
[0;32mI (251) heap_init: At 3FFAE6E0 len 00001920 (6 KiB): DRAM[0m
[0;32mI (257) heap_init: At 3FFB2AD0 len 0002D530 (181 KiB): DRAM[0m
[0;32mI (263) heap_init: At 3FFE0440 len 00003AE0 (14 KiB): D/IRAM[0m
[0;32mI (269) heap_init: At 3FFE4350 len 0001BCB0 (111 KiB): D/IRAM[0m
[0;32mI (276) heap_init: At 4008C744 len 000138BC (78 KiB): IRAM[0m
[0;32mI (283) spi_flash: detected chip: generic[0m
[0;32mI (287) spi_flash: flash io: dio[0m
[0;33mW (290) spi_flash: Detected size(4096k) larger than the size in the binary image header(2048k). Using the size in the binary image header.[0m
[0;32mI (304) main_task: Started on CPU0[0m
[0;32mI (314) main_task: Calling app_main()[0m
[0;32mI (314) app_main: Starting tasks...[0m

assert failed: spinlock_acquire spinlock.h:140 (lock->count == 0)


Backtrace: 0x400815ea:0x3ffb57b0 0x400857bd:0x3ffb57d0 0x4008b211:0x3ffb57f0 0x400862a6:0x3ffb5910 0x40085e7c:0x3ffb5940 0x40085f56:0x3ffb5980 0x40082661:0x3ffb59a0 0x40082769:0x3ffb59d0 0x400d5243:0x3ffb59f0 0x400d40fb:0x3ffb5a10 0x400d3c86:0x3ffb5a30 0x4000bd83:0x3ffb5a50 0x4000117d:0x3ffb5a70 0x400592fe:0x3ffb5a90 0x4005937a:0x3ffb5ab0 0x400d8045:0x3ffb5ad0 0x400dbf7f:0x3ffb5b00 0x400db942:0x3ffb5b20 0x400d80ed:0x3ffb5e40 0x400e35e1:0x3ffb5e70 0x4008af61:0x3ffb5ea0 0x400d52bc:0x3ffb5ef0 0x40086021:0x3ffb5f10




ELF file SHA256: 2fbab6a60

Rebooting...
ets Jul 29 2019 12:21:46

rst:0xc (SW_CPU_RESET),boot:0x13 (SPI_FAST_FLASH_BOOT)
configsip: 0, SPIWP:0xee
clk_drv:0x00,q_drv:0x00,d_drv:0x00,cs0_drv:0x00,hd_drv:0x00,wp_drv:0x00
mode:DIO, clock div:2
load:0x3fff0030,len:7172
load:0x40078000,len:15540
load:0x40080400,len:4
ho 8 tail 4 room 4
load:0x40080404,len:3904
entry 0x40080640
[0;32mI (31) boot: ESP-IDF v5.2.1-dirty 2nd stage bootloader[0m
[0;32mI (31) boot: compile time May  8 2024 01:07:40[0m
[0;32mI (31) boot: Multicore bootloader[0m
[0;32mI (36) boot: chip revision: v3.1[0m
[0;32mI (40) boot.esp32: SPI Speed      : 40MHz[0m
[0;32mI (44) boot.esp32: SPI Mode       : DIO[0m
[0;32mI (49) boot.esp32: SPI Flash Size : 2MB[0m
[0;32mI (53) boot: Enabling RNG early entropy source...[0m
[0;32mI (59) boot: Partition Table:[0m
[0;32mI (62) boot: ## Label            Usage          Type ST Offset   Length[0m
[0;32mI (70) boot:  0 nvs              WiFi data        01 02 00009000 00006000[0m
[0;32mI (77) boot:  1 phy_init         RF data          01 01 0000f000 00001000[0m
[0;32mI (84) boot:  2 factory          factory app      00 00 00010000 00100000[0m
[0;32mI (92) boot: End of partition table[0m
[0;32mI (96) esp_image: segment 0: paddr=00010020 vaddr=3f400020 size=096b4h ( 38580) map[0m
[0;32mI (118) esp_image: segment 1: paddr=000196dc vaddr=3ffb0000 size=0220ch (  8716) load[0m
[0;32mI (121) esp_image: segment 2: paddr=0001b8f0 vaddr=40080000 size=04728h ( 18216) load[0m
[0;32mI (131) esp_image: segment 3: paddr=00020020 vaddr=400d0020 size=1364ch ( 79436) map[0m
[0;32mI (159) esp_image: segment 4: paddr=00033674 vaddr=40084728 size=0801ch ( 32796) load[0m
[0;32mI (179) boot: Loaded app from partition at offset 0x10000[0m
[0;32mI (179) boot: Disabling RNG early entropy source...[0m
[0;32mI (190) cpu_start: Multicore app[0m
[0;32mI (199) cpu_start: Pro cpu start user code[0m
[0;32mI (199) cpu_start: cpu freq: 160000000 Hz[0m
[0;32mI (199) cpu_start: Application information:[0m
[0;32mI (202) cpu_start: Project name:     bai5[0m
[0;32mI (207) cpu_start: App version:      v5.2.1-dirty[0m
[0;32mI (212) cpu_start: Compile time:     May  8 2024 01:06:53[0m
[0;32mI (218) cpu_start: ELF file SHA256:  2fbab6a60...[0m
[0;32mI (224) cpu_start: ESP-IDF:          v5.2.1-dirty[0m
[0;32mI (229) cpu_start: Min chip rev:     v0.0[0m
[0;32mI (234) cpu_start: Max chip rev:     v3.99 [0m
[0;32mI (239) cpu_start: Chip rev:         v3.1[0m
[0;32mI (244) heap_init: Initializing. RAM available for dynamic allocation:[0m
[0;32mI (251) heap_init: At 3FFAE6E0 len 00001920 (6 KiB): DRAM[0m
[0;32mI (257) heap_init: At 3FFB2AD0 len 0002D530 (181 KiB): DRAM[0m
[0;32mI (263) heap_init: At 3FFE0440 len 00003AE0 (14 KiB): D/IRAM[0m
[0;32mI (269) heap_init: At 3FFE4350 len 0001BCB0 (111 KiB): D/IRAM[0m
[0;32mI (276) heap_init: At 4008C744 len 000138BC (78 KiB): IRAM[0m
[0;32mI (283) spi_flash: detected chip: generic[0m
[0;32mI (286) spi_flash: flash io: dio[0m
[0;33mW (290) spi_flash: Detected size(4096k) larger than the size in the binary image header(2048k). Using the size in the binary image header.[0m
[0;32mI (304) main_task: Started on CPU0[0m
[0;32mI (314) main_task: Calling app_main()[0m
[0;32mI (314) app_main: Starting tasks...[0m

assert failed: spinlock_acquire spinlock.h:140 (lock->count == 0)


Backtrace: 0x400815ea:0x3ffb57b0 0x400857bd:0x3ffb57d0 0x4008b211:0x3ffb57f0 0x400862a6:0x3ffb5910 0x40085e7c:0x3ffb5940 0x40085f56:0x3ffb5980 0x40082661:0x3ffb59a0 0x40082769:0x3ffb59d0 0x400d5243:0x3ffb59f0 0x400d40fb:0x3ffb5a10 0x400d3c86:0x3ffb5a30 0x4000bd83:0x3ffb5a50 0x4000117d:0x3ffb5a70 0x400592fe:0x3ffb5a90 0x4005937a:0x3ffb5ab0 0x400d8045:0x3ffb5ad0 0x400dbf7f:0x3ffb5b00 0x400db942:0x3ffb5b20 0x400d80ed:0x3ffb5e40 0x400e35e1:0x3ffb5e70 0x4008af61:0x3ffb5ea0 0x400d52bc:0x3ffb5ef0 0x40086021:0x3ffb5f10




ELF file SHA256: 2fbab6a60

Rebooting...
ets Jul 29 2019 12:21:46

rst:0xc (SW_CPU_RESET),boot:0x13 (SPI_FAST_FLASH_BOOT)
configsip: 0, SPIWP:0xee
clk_drv:0x00,q_drv:0x00,d_drv:0x00,cs0_drv:0x00,hd_drv:0x00,wp_drv:0x00
mode:DIO, clock div:2
load:0x3fff0030,len:7172
load:0x40078000,len:15540
load:0x40080400,len:4
ho 8 tail 4 room 4
load:0x40080404,len:3904
entry 0x40080640
[0;32mI (31) boot: ESP-IDF v5.2.1-dirty 2nd stage bootloader[0m
[0;32mI (31) boot: compile time May  8 2024 01:07:40[0m
[0;32mI (31) boot: Multicore bootloader[0m
[0;32mI (36) boot: chip revision: v3.1[0m
[0;32mI (40) boot.esp32: SPI Speed      : 40MHz[0m
[0;32mI (44) boot.esp32: SPI Mode       : DIO[0m
[0;32mI (49) boot.esp32: SPI Flash Size : 2MB[0m
[0;32mI (53) boot: Enabling RNG early entropy source...[0m
[0;32mI (59) boot: Partition Table:[0m
[0;32mI (62) boot: ## Label            Usage          Type ST Offset   Length[0m
[0;32mI (70) boot:  0 nvs              WiFi data        01 02 00009000 00006000[0m
[0;32mI (77) boot:  1 phy_init         RF data          01 01 0000f000 00001000[0m
[0;32mI (84) boot:  2 factory          factory app      00 00 00010000 00100000[0m
[0;32mI (92) boot: End of partition table[0m
[0;32mI (96) esp_image: segment 0: paddr=00010020 vaddr=3f400020 size=096b4h ( 38580) map[0m
[0;32mI (118) esp_image: segment 1: paddr=000196dc vaddr=3ffb0000 size=0220ch (  8716) load[0m
[0;32mI (121) esp_image: segment 2: paddr=0001b8f0 vaddr=40080000 size=04728h ( 18216) load[0m
[0;32mI (131) esp_image: segment 3: paddr=00020020 vaddr=400d0020 size=1364ch ( 79436) map[0m
[0;32mI (159) esp_image: segment 4: paddr=00033674 vaddr=40084728 size=0801ch ( 32796) load[0m
[0;32mI (179) boot: Loaded app from partition at offset 0x10000[0m
[0;32mI (179) boot: Disabling RNG early entropy source...[0m
[0;32mI (190) cpu_start: Multicore app[0m
[0;32mI (199) cpu_start: Pro cpu start user code[0m
[0;32mI (199) cpu_start: cpu freq: 160000000 Hz[0m
[0;32mI (199) cpu_start: Application information:[0m
[0;32mI (202) cpu_start: Project name:     bai5[0m
[0;32mI (207) cpu_start: App version:      v5.2.1-dirty[0m
[0;32mI (212) cpu_start: Compile time:     May  8 2024 01:06:53[0m
[0;32mI (218) cpu_start: ELF file SHA256:  2fbab6a60...[0m
[0;32mI (224) cpu_start: ESP-IDF:          v5.2.1-dirty[0m
[0;32mI (229) cpu_start: Min chip rev:     v0.0[0m
[0;32mI (234) cpu_start: Max chip rev:     v3.99 [0m
[0;32mI (239) cpu_start: Chip rev:         v3.1[0m
[0;32mI (244) heap_init: Initializing. RAM available for dynamic allocation:[0m
[0;32mI (251) heap_init: At 3FFAE6E0 len 00001920 (6 KiB): DRAM[0m
[0;32mI (257) heap_init: At 3FFB2AD0 len 0002D530 (181 KiB): DRAM[0m
[0;32mI (263) heap_init: At 3FFE0440 len 00003AE0 (14 KiB): D/IRAM[0m
[0;32mI (269) heap_init: At 3FFE4350 len 0001BCB0 (111 KiB): D/IRAM[0m
[0;32mI (276) heap_init: At 4008C744 len 000138BC (78 KiB): IRAM[0m
[0;32mI (283) spi_flash: detected chip: generic[0m
[0;32mI (286) spi_flash: flash io: dio[0m
[0;33mW (290) spi_flash: Detected size(4096k) larger than the size in the binary image header(2048k). Using the size in the binary image header.[0m
[0;32mI (304) main_task: Started on CPU0[0m
[0;32mI (314) main_task: Calling app_main()[0m
[0;32mI (314) app_main: Starting tasks...[0m

assert failed: spinlock_acquire spinlock.h:140 (lock->count == 0)


Backtrace: 0x400815ea:0x3ffb57b0 0x400857bd:0x3ffb57d0 0x4008b211:0x3ffb57f0 0x400862a6:0x3ffb5910 0x40085e7c:0x3ffb5940 0x40085f56:0x3ffb5980 0x40082661:0x3ffb59a0 0x40082769:0x3ffb59d0 0x400d5243:0x3ffb59f0 0x400d40fb:0x3ffb5a10 0x400d3c86:0x3ffb5a30 0x4000bd83:0x3ffb5a50 0x4000117d:0x3ffb5a70 0x400592fe:0x3ffb5a90 0x4005937a:0x3ffb5ab0 0x400d8045:0x3ffb5ad0 0x400dbf7f:0x3ffb5b00 0x400db942:0x3ffb5b20 0x400d80ed:0x3ffb5e40 0x400e35e1:0x3ffb5e70 0x4008af61:0x3ffb5ea0 0x400d52bc:0x3ffb5ef0 0x40086021:0x3ffb5f10




ELF file SHA256: 2fbab6a60

Rebooting...
ets Jul 29 2019 12:21:46

rst:0xc (SW_CPU_RESET),boot:0x13 (SPI_FAST_FLASH_BOOT)
configsip: 0, SPIWP:0xee
clk_drv:0x00,q_drv:0x00,d_drv:0x00,cs0_drv:0x00,hd_drv:0x00,wp_drv:0x00
mode:DIO, clock div:2
load:0x3fff0030,len:7172
load:0x40078000,len:15540
load:0x40080400,len:4
ho 8 tail 4 room 4
load:0x40080404,len:3904
entry 0x40080640
[0;32mI (31) boot: ESP-IDF v5.2.1-dirty 2nd stage bootloader[0m
[0;32mI (31) boot: compile time May  8 2024 01:07:40[0m
[0;32mI (31) boot: Multicore bootloader[0m
[0;32mI (36) boot: chip revision: v3.1[0m
[0;32mI (40) boot.esp32: SPI Speed      : 40MHz[0m
[0;32mI (44) boot.esp32: SPI Mode       : DIO[0m
[0;32mI (49) boot.esp32: SPI Flash Size : 2MB[0m
[0;32mI (53) boot: Enabling RNG early entropy source...[0m
[0;32mI (59) boot: Partition Table:[0m
[0;32mI (62) boot: ## Label            Usage          Type ST Offset   Length[0m
[0;32mI (70) boot:  0 nvs              WiFi data        01 02 00009000 00006000[0m
[0;32mI (77) boot:  1 phy_init         RF data          01 01 0000f000 00001000[0m
[0;32mI (84) boot:  2 factory          factory app      00 00 00010000 00100000[0m
[0;32mI (92) boot: End of partition table[0m
[0;32mI (96) esp_image: segment 0: paddr=00010020 vaddr=3f400020 size=096b4h ( 38580) map[0m
[0;32mI (118) esp_image: segment 1: paddr=000196dc vaddr=3ffb0000 size=0220ch (  8716) load[0m
[0;32mI (121) esp_image: segment 2: paddr=0001b8f0 vaddr=40080000 size=04728h ( 18216) load[0m
[0;32mI (131) esp_image: segment 3: paddr=00020020 vaddr=400d0020 size=1364ch ( 79436) map[0m
[0;32mI (159) esp_image: segment 4: paddr=00033674 vaddr=40084728 size=0801ch ( 32796) load[0m
[0;32mI (179) boot: Loaded app from partition at offset 0x10000[0m
[0;32mI (179) boot: Disabling RNG early entropy source...[0m
[0;32mI (190) cpu_start: Multicore app[0m
[0;32mI (199) cpu_start: Pro cpu start user code[0m
[0;32mI (199) cpu_start: cpu freq: 160000000 Hz[0m
[0;32mI (199) cpu_start: Application information:[0m
[0;32mI (202) cpu_start: Project name:     bai5[0m
[0;32mI (207) cpu_start: App version:      v5.2.1-dirty[0m
[0;32mI (212) cpu_start: Compile time:     May  8 2024 01:06:53[0m
[0;32mI (218) cpu_start: ELF file SHA256:  2fbab6a60...[0m
[0;32mI (224) cpu_start: ESP-IDF:          v5.2.1-dirty[0m
[0;32mI (229) cpu_start: Min chip rev:     v0.0[0m
[0;32mI (234) cpu_start: Max chip rev:     v3.99 [0m
[0;32mI (239) cpu_start: Chip rev:         v3.1[0m
[0;32mI (244) heap_init: Initializing. RAM available for dynamic allocation:[0m
[0;32mI (251) heap_init: At 3FFAE6E0 len 00001920 (6 KiB): DRAM[0m
[0;32mI (257) heap_init: At 3FFB2AD0 len 0002D530 (181 KiB): DRAM[0m
[0;32mI (263) heap_init: At 3FFE0440 len 00003AE0 (14 KiB): D/IRAM[0m
[0;32mI (269) heap_init: At 3FFE4350 len 0001BCB0 (111 KiB): D/IRAM[0m
[0;32mI (276) heap_init: At 4008C744 len 000138BC (78 KiB): IRAM[0m
[0;32mI (283) spi_flash: detected chip: generic[0m
[0;32mI (286) spi_flash: flash io: dio[0m
[0;33mW (290) spi_flash: Detected size(4096k) larger than the size in the binary image header(2048k). Using the size in the binary image header.[0m
[0;32mI (304) main_task: Started on CPU0[0m
[0;32mI (314) main_task: Calling app_main()[0m
[0;32mI (314) app_main: Starting tasks...[0m

assert failed: spinlock_acquire spinlock.h:140 (lock->count == 0)


Backtrace: 0x400815ea:0x3ffb57b0 0x400857bd:0x3ffb57d0 0x4008b211:0x3ffb57f0 0x400862a6:0x3ffb5910 0x40085e7c:0x3ffb5940 0x40085f56:0x3ffb5980 0x40082661:0x3ffb59a0 0x40082769:0x3ffb59d0 0x400d5243:0x3ffb59f0 0x400d40fb:0x3ffb5a10 0x400d3c86:0x3ffb5a30 0x4000bd83:0x3ffb5a50 0x4000117d:0x3ffb5a70 0x400592fe:0x3ffb5a90 0x4005937a:0x3ffb5ab0 0x400d8045:0x3ffb5ad0 0x400dbf7f:0x3ffb5b00 0x400db942:0x3ffb5b20 0x400d80ed:0x3ffb5e40 0x400e35e1:0x3ffb5e70 0x4008af61:0x3ffb5ea0 0x400d52bc:0x3ffb5ef0 0x40086021:0x3ffb5f10




ELF file SHA256: 2fbab6a60

Rebooting...
ets Jul 29 2019 12:21:46

rst:0xc (SW_CPU_RESET),boot:0x13 (SPI_FAST_FLASH_BOOT)
configsip: 0, SPIWP:0xee
clk_drv:0x00,q_drv:0x00,d_drv:0x00,cs0_drv:0x00,hd_drv:0x00,wp_drv:0x00
mode:DIO, clock div:2
load:0x3fff0030,len:7172
load:0x40078000,len:15540
load:0x40080400,len:4
ho 8 tail 4 room 4
load:0x40080404,len:3904
entry 0x40080640
[0;32mI (31) boot: ESP-IDF v5.2.1-dirty 2nd stage bootloader[0m
[0;32mI (31) boot: compile time May  8 2024 01:07:40[0m
[0;32mI (31) boot: Multicore bootloader[0m
[0;32mI (36) boot: chip revision: v3.1[0m
[0;32mI (40) boot.esp32: SPI Speed      : 40MHz[0m
[0;32mI (44) boot.esp32: SPI Mode       : DIO[0m
[0;32mI (49) boot.esp32: SPI Flash Size : 2MB[0m
[0;32mI (53) boot: Enabling RNG early entropy source...[0m
[0;32mI (59) boot: Partition Table:[0m
[0;32mI (62) boot: ## Label            Usage          Type ST Offset   Length[0m
[0;32mI (70) boot:  0 nvs              WiFi data        01 02 00009000 00006000[0m
[0;32mI (77) boot:  1 phy_init         RF data          01 01 0000f000 00001000[0m
[0;32mI (84) boot:  2 factory          factory app      00 00 00010000 00100000[0m
[0;32mI (92) boot: End of partition table[0m
[0;32mI (96) esp_image: segment 0: paddr=00010020 vaddr=3f400020 size=096b4h ( 38580) map[0m
[0;32mI (118) esp_image: segment 1: paddr=000196dc vaddr=3ffb0000 size=0220ch (  8716) load[0m
[0;32mI (121) esp_image: segment 2: paddr=0001b8f0 vaddr=40080000 size=04728h ( 18216) load[0m
[0;32mI (131) esp_image: segment 3: paddr=00020020 vaddr=400d0020 size=1364ch ( 79436) map[0m
[0;32mI (159) esp_image: segment 4: paddr=00033674 vaddr=40084728 size=0801ch ( 32796) load[0m
[0;32mI (179) boot: Loaded app from partition at offset 0x10000[0m
[0;32mI (179) boot: Disabling RNG early entropy source...[0m
[0;32mI (190) cpu_start: Multicore app[0m
[0;32mI (199) cpu_start: Pro cpu start user code[0m
[0;32mI (199) cpu_start: cpu freq: 160000000 Hz[0m
[0;32mI (199) cpu_start: Application information:[0m
[0;32mI (202) cpu_start: Project name:     bai5[0m
[0;32mI (207) cpu_start: App version:      v5.2.1-dirty[0m
[0;32mI (212) cpu_start: Compile time:     May  8 2024 01:06:53[0m
[0;32mI (218) cpu_start: ELF file SHA256:  2fbab6a60...[0m
[0;32mI (224) cpu_start: ESP-IDF:          v5.2.1-dirty[0m
[0;32mI (229) cpu_start: Min chip rev:     v0.0[0m
[0;32mI (234) cpu_start: Max chip rev:     v3.99 [0m
[0;32mI (239) cpu_start: Chip rev:         v3.1[0m
[0;32mI (244) heap_init: Initializing. RAM available for dynamic allocation:[0m
[0;32mI (251) heap_init: At 3FFAE6E0 len 00001920 (6 KiB): DRAM[0m
[0;32mI (257) heap_init: At 3FFB2AD0 len 0002D530 (181 KiB): DRAM[0m
[0;32mI (263) heap_init: At 3FFE0440 len 00003AE0 (14 KiB): D/IRAM[0m
[0;32mI (269) heap_init: At 3FFE4350 len 0001BCB0 (111 KiB): D/IRAM[0m
[0;32mI (276) heap_init: At 4008C744 len 000138BC (78 KiB): IRAM[0m
[0;32mI (283) spi_flash: detected chip: generic[0m
[0;32mI (286) spi_flash: flash io: dio[0m
[0;33mW (290) spi_flash: Detected size(4096k) larger than the size in the binary image header(2048k). Using the size in the binary image header.[0m
[0;32mI (304) main_task: Started on CPU0[0m
[0;32mI (314) main_task: Calling app_main()[0m
[0;32mI (314) app_main: Starting tasks...[0m

assert failed: spinlock_acquire spinlock.h:140 (lock->count == 0)


Backtrace: 0x400815ea:0x3ffb57b0 0x400857bd:0x3ffb57d0 0x4008b211:0x3ffb57f0 0x400862a6:0x3ffb5910 0x40085e7c:0x3ffb5940 0x40085f56:0x3ffb5980 0x40082661:0x3ffb59a0 0x40082769:0x3ffb59d0 0x400d5243:0x3ffb59f0 0x400d40fb:0x3ffb5a10 0x400d3c86:0x3ffb5a30 0x4000bd83:0x3ffb5a50 0x4000117d:0x3ffb5a70 0x400592fe:0x3ffb5a90 0x4005937a:0x3ffb5ab0 0x400d8045:0x3ffb5ad0 0x400dbf7f:0x3ffb5b00 0x400db942:0x3ffb5b20 0x400d80ed:0x3ffb5e40 0x400e35e1:0x3ffb5e70 0x4008af61:0x3ffb5ea0 0x400d52bc:0x3ffb5ef0 0x40086021:0x3ffb5f10




ELF file SHA256: 2fbab6a60

Rebooting...
ets Jul 29 2019 12:21:46

rst:0xc (SW_CPU_RESET),boot:0x13 (SPI_FAST_FLASH_BOOT)
configsip: 0, SPIWP:0xee
clk_drv:0x00,q_drv:0x00,d_drv:0x00,cs0_drv:0x00,hd_drv:0x00,wp_drv:0x00
mode:DIO, clock div:2
load:0x3fff0030,len:7172
load:0x40078000,len:15540
load:0x40080400,len:4
ho 8 tail 4 room 4
load:0x40080404,len:3904
entry 0x40080640
[0;32mI (31) boot: ESP-IDF v5.2.1-dirty 2nd stage bootloader[0m
[0;32mI (31) boot: compile time May  8 2024 01:07:40[0m
[0;32mI (31) boot: Multicore bootloader[0m
[0;32mI (36) boot: chip revision: v3.1[0m
[0;32mI (40) boot.esp32: SPI Speed      : 40MHz[0m
[0;32mI (44) boot.esp32: SPI Mode       : DIO[0m
[0;32mI (49) boot.esp32: SPI Flash Size : 2MB[0m
[0;32mI (53) boot: Enabling RNG early entropy source...[0m
[0;32mI (59) boot: Partition Table:[0m
[0;32mI (62) boot: ## Label            Usage          Type ST Offset   Length[0m
[0;32mI (70) boot:  0 nvs              WiFi data        01 02 00009000 00006000[0m
[0;32mI (77) boot:  1 phy_init         RF data          01 01 0000f000 00001000[0m
[0;32mI (84) boot:  2 factory          factory app      00 00 00010000 00100000[0m
[0;32mI (92) boot: End of partition table[0m
[0;32mI (96) esp_image: segment 0: paddr=00010020 vaddr=3f400020 size=096b4h ( 38580) map[0m
[0;32mI (118) esp_image: segment 1: paddr=000196dc vaddr=3ffb0000 size=0220ch (  8716) load[0m
[0;32mI (121) esp_image: segment 2: paddr=0001b8f0 vaddr=40080000 size=04728h ( 18216) load[0m
[0;32mI (131) esp_image: segment 3: paddr=00020020 vaddr=400d0020 size=1364ch ( 79436) map[0m
[0;32mI (159) esp_image: segment 4: paddr=00033674 vaddr=40084728 size=0801ch ( 32796) load[0m
[0;32mI (179) boot: Loaded app from partition at offset 0x10000[0m
[0;32mI (179) boot: Disabling RNG early entropy source...[0m
[0;32mI (190) cpu_start: Multicore app[0m
[0;32mI (199) cpu_start: Pro cpu start user code[0m
[0;32mI (199) cpu_start: cpu freq: 160000000 Hz[0m
[0;32mI (199) cpu_start: Application information:[0m
[0;32mI (202) cpu_start: Project name:     bai5[0m
[0;32mI (207) cpu_start: App version:      v5.2.1-dirty[0m
[0;32mI (212) cpu_start: Compile time:     May  8 2024 01:06:53[0m
[0;32mI (218) cpu_start: ELF file SHA256:  2fbab6a60...[0m
[0;32mI (224) cpu_start: ESP-IDF:          v5.2.1-dirty[0m
[0;32mI (229) cpu_start: Min chip rev:     v0.0[0m
[0;32mI (234) cpu_start: Max chip rev:     v3.99 [0m
[0;32mI (239) cpu_start: Chip rev:         v3.1[0m
[0;32mI (244) heap_init: Initializing. RAM available for dynamic allocation:[0m
[0;32mI (251) heap_init: At 3FFAE6E0 len 00001920 (6 KiB): DRAM[0m
[0;32mI (257) heap_init: At 3FFB2AD0 len 0002D530 (181 KiB): DRAM[0m
[0;32mI (263) heap_init: At 3FFE0440 len 00003AE0 (14 KiB): D/IRAM[0m
[0;32mI (269) heap_init: At 3FFE4350 len 0001BCB0 (111 KiB): D/IRAM[0m
[0;32mI (276) heap_init: At 4008C744 len 000138BC (78 KiB): IRAM[0m
[0;32mI (283) spi_flash: detected chip: generic[0m
[0;32mI (286) spi_flash: flash io: dio[0m
[0;33mW (290) spi_flash: Detected size(4096k) larger than the size in the binary image header(2048k). Using the size in the binary image header.[0m
[0;32mI (304) main_task: Started on CPU0[0m
[0;32mI (314) main_task: Calling app_main()[0m
[0;32mI (314) app_main: Starting tasks...[0m

assert failed: spinlock_acquire spinlock.h:140 (lock->count == 0)


Backtrace: 0x400815ea:0x3ffb57b0 0x400857bd:0x3ffb57d0 0x4008b211:0x3ffb57f0 0x400862a6:0x3ffb5910 0x40085e7c:0x3ffb5940 0x40085f56:0x3ffb5980 0x40082661:0x3ffb59a0 0x40082769:0x3ffb59d0 0x400d5243:0x3ffb59f0 0x400d40fb:0x3ffb5a10 0x400d3c86:0x3ffb5a30 0x4000bd83:0x3ffb5a50 0x4000117d:0x3ffb5a70 0x400592fe:0x3ffb5a90 0x4005937a:0x3ffb5ab0 0x400d8045:0x3ffb5ad0 0x400dbf7f:0x3ffb5b00 0x400db942:0x3ffb5b20 0x400d80ed:0x3ffb5e40 0x400e35e1:0x3ffb5e70 0x4008af61:0x3ffb5ea0 0x400d52bc:0x3ffb5ef0 0x40086021:0x3ffb5f10




ELF file SHA256: 2fbab6a60

Rebooting...
ets Jul 29 2019 12:21:46

rst:0xc (SW_CPU_RESET),boot:0x13 (SPI_FAST_FLASH_BOOT)
configsip: 0, SPIWP:0xee
clk_drv:0x00,q_drv:0x00,d_drv:0x00,cs0_drv:0x00,hd_drv:0x00,wp_drv:0x00
mode:DIO, clock div:2
load:0x3fff0030,len:7172
load:0x40078000,len:15540
load:0x40080400,len:4
ho 8 tail 4 room 4
load:0x40080404,len:3904
entry 0x40080640
[0;32mI (31) boot: ESP-IDF v5.2.1-dirty 2nd stage bootloader[0m
[0;32mI (31) boot: compile time May  8 2024 01:07:40[0m
[0;32mI (31) boot: Multicore bootloader[0m
[0;32mI (36) boot: chip revision: v3.1[0m
[0;32mI (40) boot.esp32: SPI Speed      : 40MHz[0m
[0;32mI (44) boot.esp32: SPI Mode       : DIO[0m
[0;32mI (49) boot.esp32: SPI Flash Size : 2MB[0m
[0;32mI (53) boot: Enabling RNG early entropy source...[0m
[0;32mI (59) boot: Partition Table:[0m
[0;32mI (62) boot: ## Label            Usage          Type ST Offset   Length[0m
[0;32mI (70) boot:  0 nvs              WiFi data        01 02 00009000 00006000[0m
[0;32mI (77) boot:  1 phy_init         RF data          01 01 0000f000 00001000[0m
[0;32mI (84) boot:  2 factory          factory app      00 00 00010000 00100000[0m
[0;32mI (92) boot: End of partition table[0m
[0;32mI (96) esp_image: segment 0: paddr=00010020 vaddr=3f400020 size=096b4h ( 38580) map[0m
[0;32mI (118) esp_image: segment 1: paddr=000196dc vaddr=3ffb0000 size=0220ch (  8716) load[0m
[0;32mI (121) esp_image: segment 2: paddr=0001b8f0 vaddr=40080000 size=04728h ( 18216) load[0m
[0;32mI (131) esp_image: segment 3: paddr=00020020 vaddr=400d0020 size=1364ch ( 79436) map[0m
[0;32mI (159) esp_image: segment 4: paddr=00033674 vaddr=40084728 size=0801ch ( 32796) load[0m
[0;32mI (179) boot: Loaded app from partition at offset 0x10000[0m
[0;32mI (179) boot: Disabling RNG early entropy source...[0m
[0;32mI (190) cpu_start: Multicore app[0m
[0;32mI (199) cpu_start: Pro cpu start user code[0m
[0;32mI (199) cpu_start: cpu freq: 160000000 Hz[0m
[0;32mI (199) cpu_start: Application information:[0m
[0;32mI (202) cpu_start: Project name:     bai5[0m
[0;32mI (207) cpu_start: App version:      v5.2.1-dirty[0m
[0;32mI (212) cpu_start: Compile time:     May  8 2024 01:06:53[0m
[0;32mI (218) cpu_start: ELF file SHA256:  2fbab6a60...[0m
[0;32mI (224) cpu_start: ESP-IDF:          v5.2.1-dirty[0m
[0;32mI (229) cpu_start: Min chip rev:     v0.0[0m
[0;32mI (234) cpu_start: Max chip rev:     v3.99 [0m
[0;32mI (239) cpu_start: Chip rev:         v3.1[0m
[0;32mI (244) heap_init: Initializing. RAM available for dynamic allocation:[0m
[0;32mI (251) heap_init: At 3FFAE6E0 len 00001920 (6 KiB): DRAM[0m
[0;32mI (257) heap_init: At 3FFB2AD0 len 0002D530 (181 KiB): DRAM[0m
[0;32mI (263) heap_init: At 3FFE0440 len 00003AE0 (14 KiB): D/IRAM[0m
[0;32mI (269) heap_init: At 3FFE4350 len 0001BCB0 (111 KiB): D/IRAM[0m
[0;32mI (276) heap_init: At 4008C744 len 000138BC (78 KiB): IRAM[0m
[0;32mI (283) spi_flash: detected chip: generic[0m
[0;32mI (286) spi_flash: flash io: dio[0m
[0;33mW (290) spi_flash: Detected size(4096k) larger than the size in the binary image header(2048k). Using the size in the binary image header.[0m
[0;32mI (304) main_task: Started on CPU0[0m
[0;32mI (314) main_task: Calling app_main()[0m
[0;32mI (314) app_main: Starting tasks...[0m

assert failed: spinlock_acquire spinlock.h:140 (lock->count == 0)


Backtrace: 0x400815ea:0x3ffb57b0 0x400857bd:0x3ffb57d0 0x4008b211:0x3ffb57f0 0x400862a6:0x3ffb5910 0x40085e7c:0x3ffb5940 0x40085f56:0x3ffb5980 0x40082661:0x3ffb59a0 0x40082769:0x3ffb59d0 0x400d5243:0x3ffb59f0 0x400d40fb:0x3ffb5a10 0x400d3c86:0x3ffb5a30 0x4000bd83:0x3ffb5a50 0x4000117d:0x3ffb5a70 0x400592fe:0x3ffb5a90 0x4005937a:0x3ffb5ab0 0x400d8045:0x3ffb5ad0 0x400dbf7f:0x3ffb5b00 0x400db942:0x3ffb5b20 0x400d80ed:0x3ffb5e40 0x400e35e1:0x3ffb5e70 0x4008af61:0x3ffb5ea0 0x400d52bc:0x3ffb5ef0 0x40086021:0x3ffb5f10




ELF file SHA256: 2fbab6a60

Rebooting...
ets Jul 29 2019 12:21:46

rst:0xc (SW_CPU_RESET),boot:0x13 (SPI_FAST_FLASH_BOOT)
configsip: 0, SPIWP:0xee
clk_drv:0x00,q_drv:0x00,d_drv:0x00,cs0_drv:0x00,hd_drv:0x00,wp_drv:0x00
mode:DIO, clock div:2
load:0x3fff0030,len:7172
load:0x40078000,len:15540
load:0x40080400,len:4
ho 8 tail 4 room 4
load:0x40080404,len:3904
entry 0x40080640
[0;32mI (31) boot: ESP-IDF v5.2.1-dirty 2nd stage bootloader[0m
[0;32mI (31) boot: compile time May  8 2024 01:07:40[0m
[0;32mI (31) boot: Multicore bootloader[0m
[0;32mI (36) boot: chip revision: v3.1[0m
[0;32mI (40) boot.esp32: SPI Speed      : 40MHz[0m
[0;32mI (44) boot.esp32: SPI Mode       : DIO[0m
[0;32mI (49) boot.esp32: SPI Flash Size : 2MB[0m
[0;32mI (53) boot: Enabling RNG early entropy source...[0m
[0;32mI (59) boot: Partition Table:[0m
[0;32mI (62) boot: ## Label            Usage          Type ST Offset   Length[0m
[0;32mI (70) boot:  0 nvs              WiFi data        01 02 00009000 00006000[0m
[0;32mI (77) boot:  1 phy_init         RF data          01 01 0000f000 00001000[0m
[0;32mI (84) boot:  2 factory          factory app      00 00 00010000 00100000[0m
[0;32mI (92) boot: End of partition table[0m
[0;32mI (96) esp_image: segment 0: paddr=00010020 vaddr=3f400020 size=096b4h ( 38580) map[0m
[0;32mI (118) esp_image: segment 1: paddr=000196dc vaddr=3ffb0000 size=0220ch (  8716) load[0m
[0;32mI (121) esp_image: segment 2: paddr=0001b8f0 vaddr=40080000 size=04728h ( 18216) load[0m
[0;32mI (131) esp_image: segment 3: paddr=00020020 vaddr=400d0020 size=1364ch ( 79436) map[0m
[0;32mI (159) esp_image: segment 4: paddr=00033674 vaddr=40084728 size=0801ch ( 32796) load[0m
[0;32mI (179) boot: Loaded app from partition at offset 0x10000[0m
[0;32mI (179) boot: Disabling RNG early entropy source...[0m
[0;32mI (190) cpu_start: Multicore app[0m
[0;32mI (199) cpu_start: Pro cpu start user code[0m
[0;32mI (199) cpu_start: cpu freq: 160000000 Hz[0m
[0;32mI (199) cpu_start: Application information:[0m
[0;32mI (202) cpu_start: Project name:     bai5[0m
[0;32mI (207) cpu_start: App version:      v5.2.1-dirty[0m
[0;32mI (212) cpu_start: Compile time:     May  8 2024 01:06:53[0m
[0;32mI (218) cpu_start: ELF file SHA256:  2fbab6a60...[0m
[0;32mI (224) cpu_start: ESP-IDF:          v5.2.1-dirty[0m
[0;32mI (229) cpu_start: Min chip rev:     v0.0[0m
[0;32mI (234) cpu_start: Max chip rev:     v3.99 [0m
[0;32mI (239) cpu_start: Chip rev:         v3.1[0m
[0;32mI (244) heap_init: Initializing. RAM available for dynamic allocation:[0m
[0;32mI (251) heap_init: At 3FFAE6E0 len 00001920 (6 KiB): DRAM[0m
[0;32mI (257) heap_init: At 3FFB2AD0 len 0002D530 (181 KiB): DRAM[0m
[0;32mI (263) heap_init: At 3FFE0440 len 00003AE0 (14 KiB): D/IRAM[0m
[0;32mI (269) heap_init: At 3FFE4350 len 0001BCB0 (111 KiB): D/IRAM[0m
[0;32mI (276) heap_init: At 4008C744 len 000138BC (78 KiB): IRAM[0m
[0;32mI (283) spi_flash: detected chip: generic[0m
[0;32mI (286) spi_flash: flash io: dio[0m
[0;33mW (290) spi_flash: Detected size(4096k) larger than the size in the binary image header(2048k). Using the size in the binary image header.[0m
[0;32mI (304) main_task: Started on CPU0[0m
[0;32mI (314) main_task: Calling app_main()[0m
[0;32mI (314) app_main: Starting tasks...[0m

assert failed: spinlock_acquire spinlock.h:140 (lock->count == 0)


Backtrace: 0x400815ea:0x3ffb57b0 0x400857bd:0x3ffb57d0 0x4008b211:0x3ffb57f0 0x400862a6:0x3ffb5910 0x40085e7c:0x3ffb5940 0x40085f56:0x3ffb5980 0x40082661:0x3ffb59a0 0x40082769:0x3ffb59d0 0x400d5243:0x3ffb59f0 0x400d40fb:0x3ffb5a10 0x400d3c86:0x3ffb5a30 0x4000bd83:0x3ffb5a50 0x4000117d:0x3ffb5a70 0x400592fe:0x3ffb5a90 0x4005937a:0x3ffb5ab0 0x400d8045:0x3ffb5ad0 0x400dbf7f:0x3ffb5b00 0x400db942:0x3ffb5b20 0x400d80ed:0x3ffb5e40 0x400e35e1:0x3ffb5e70 0x4008af61:0x3ffb5ea0 0x400d52bc:0x3ffb5ef0 0x40086021:0x3ffb5f10




ELF file SHA256: 2fbab6a60

Rebooting...
ets Jul 29 2019 12:21:46

rst:0xc (SW_CPU_RESET),boot:0x13 (SPI_FAST_FLASH_BOOT)
configsip: 0, SPIWP:0xee
clk_drv:0x00,q_drv:0x00,d_drv:0x00,cs0_drv:0x00,hd_drv:0x00,wp_drv:0x00
mode:DIO, clock div:2
load:0x3fff0030,len:7172
load:0x40078000,len:15540
load:0x40080400,len:4
ho 8 tail 4 room 4
load:0x40080404,len:3904
entry 0x40080640
[0;32mI (31) boot: ESP-IDF v5.2.1-dirty 2nd stage bootloader[0m
[0;32mI (31) boot: compile time May  8 2024 01:07:40[0m
[0;32mI (31) boot: Multicore bootloader[0m
[0;32mI (36) boot: chip revision: v3.1[0m
[0;32mI (40) boot.esp32: SPI Speed      : 40MHz[0m
[0;32mI (44) boot.esp32: SPI Mode       : DIO[0m
[0;32mI (49) boot.esp32: SPI Flash Size : 2MB[0m
[0;32mI (53) boot: Enabling RNG early entropy source...[0m
[0;32mI (59) boot: Partition Table:[0m
[0;32mI (62) boot: ## Label            Usage          Type ST Offset   Length[0m
[0;32mI (70) boot:  0 nvs              WiFi data        01 02 00009000 00006000[0m
[0;32mI (77) boot:  1 phy_init         RF data          01 01 0000f000 00001000[0m
[0;32mI (84) boot:  2 factory          factory app      00 00 00010000 00100000[0m
[0;32mI (92) boot: End of partition table[0m
[0;32mI (96) esp_image: segment 0: paddr=00010020 vaddr=3f400020 size=096b4h ( 38580) map[0m
[0;32mI (118) esp_image: segment 1: paddr=000196dc vaddr=3ffb0000 size=0220ch (  8716) load[0m
[0;32mI (121) esp_image: segment 2: paddr=0001b8f0 vaddr=40080000 size=04728h ( 18216) load[0m
[0;32mI (131) esp_image: segment 3: paddr=00020020 vaddr=400d0020 size=1364ch ( 79436) map[0m
[0;32mI (159) esp_image: segment 4: paddr=00033674 vaddr=40084728 size=0801ch ( 32796) load[0m
[0;32mI (179) boot: Loaded app from partition at offset 0x10000[0m
[0;32mI (179) boot: Disabling RNG early entropy source...[0m
[0;32mI (190) cpu_start: Multicore app[0m
[0;32mI (199) cpu_start: Pro cpu start user code[0m
[0;32mI (199) cpu_start: cpu freq: 160000000 Hz[0m
[0;32mI (199) cpu_start: Application information:[0m
[0;32mI (202) cpu_start: Project name:     bai5[0m
[0;32mI (207) cpu_start: App version:      v5.2.1-dirty[0m
[0;32mI (212) cpu_start: Compile time:     May  8 2024 01:06:53[0m
[0;32mI (218) cpu_start: ELF file SHA256:  2fbab6a60...[0m
[0;32mI (224) cpu_start: ESP-IDF:          v5.2.1-dirty[0m
[0;32mI (229) cpu_start: Min chip rev:     v0.0[0m
[0;32mI (234) cpu_start: Max chip rev:     v3.99 [0m
[0;32mI (239) cpu_start: Chip rev:         v3.1[0m
[0;32mI (244) heap_init: Initializing. RAM available for dynamic allocation:[0m
[0;32mI (251) heap_init: At 3FFAE6E0 len 00001920 (6 KiB): DRAM[0m
[0;32mI (257) heap_init: At 3FFB2AD0 len 0002D530 (181 KiB): DRAM[0m
[0;32mI (263) heap_init: At 3FFE0440 len 00003AE0 (14 KiB): D/IRAM[0m
[0;32mI (269) heap_init: At 3FFE4350 len 0001BCB0 (111 KiB): D/IRAM[0m
[0;32mI (276) heap_init: At 4008C744 len 000138BC (78 KiB): IRAM[0m
[0;32mI (283) spi_flash: detected chip: generic[0m
[0;32mI (286) spi_flash: flash io: dio[0m
[0;33mW (290) spi_flash: Detected size(4096k) larger than the size in the binary image header(2048k). Using the size in the binary image header.[0m
[0;32mI (304) main_task: Started on CPU0[0m
[0;32mI (314) main_task: Calling app_main()[0m
[0;32mI (314) app_main: Starting tasks...[0m

assert failed: spinlock_acquire spinlock.h:140 (lock->count == 0)


Backtrace: 0x400815ea:0x3ffb57b0 0x400857bd:0x3ffb57d0 0x4008b211:0x3ffb57f0 0x400862a6:0x3ffb5910 0x40085e7c:0x3ffb5940 0x40085f56:0x3ffb5980 0x40082661:0x3ffb59a0 0x40082769:0x3ffb59d0 0x400d5243:0x3ffb59f0 0x400d40fb:0x3ffb5a10 0x400d3c86:0x3ffb5a30 0x4000bd83:0x3ffb5a50 0x4000117d:0x3ffb5a70 0x400592fe:0x3ffb5a90 0x4005937a:0x3ffb5ab0 0x400d8045:0x3ffb5ad0 0x400dbf7f:0x3ffb5b00 0x400db942:0x3ffb5b20 0x400d80ed:0x3ffb5e40 0x400e35e1:0x3ffb5e70 0x4008af61:0x3ffb5ea0 0x400d52bc:0x3ffb5ef0 0x40086021:0x3ffb5f10




ELF file SHA256: 2fbab6a60

Rebooting...
ets Jul 29 2019 12:21:46

rst:0xc (SW_CPU_RESET),boot:0x13 (SPI_FAST_FLASH_BOOT)
configsip: 0, SPIWP:0xee
clk_drv:0x00,q_drv:0x00,d_drv:0x00,cs0_drv:0x00,hd_drv:0x00,wp_drv:0x00
mode:DIO, clock div:2
load:0x3fff0030,len:7172
load:0x40078000,len:15540
load:0x40080400,len:4
ho 8 tail 4 room 4
load:0x40080404,len:3904
entry 0x40080640
[0;32mI (31) boot: ESP-IDF v5.2.1-dirty 2nd stage bootloader[0m
[0;32mI (31) boot: compile time May  8 2024 01:07:40[0m
[0;32mI (31) boot: Multicore bootloader[0m
[0;32mI (36) boot: chip revision: v3.1[0m
[0;32mI (40) boot.esp32: SPI Speed      : 40MHz[0m
[0;32mI (44) boot.esp32: SPI Mode       : DIO[0m
[0;32mI (49) boot.esp32: SPI Flash Size : 2MB[0m
[0;32mI (53) boot: Enabling RNG early entropy source...[0m
[0;32mI (59) boot: Partition Table:[0m
[0;32mI (62) boot: ## Label            Usage          Type ST Offset   Length[0m
[0;32mI (70) boot:  0 nvs              WiFi data        01 02 00009000 00006000[0m
[0;32mI (77) boot:  1 phy_init         RF data          01 01 0000f000 00001000[0m
[0;32mI (84) boot:  2 factory          factory app      00 00 00010000 00100000[0m
[0;32mI (92) boot: End of partition table[0m
[0;32mI (96) esp_image: segment 0: paddr=00010020 vaddr=3f400020 size=096b4h ( 38580) map[0m
[0;32mI (118) esp_image: segment 1: paddr=000196dc vaddr=3ffb0000 size=0220ch (  8716) load[0m
[0;32mI (121) esp_image: segment 2: paddr=0001b8f0 vaddr=40080000 size=04728h ( 18216) load[0m
[0;32mI (131) esp_image: segment 3: paddr=00020020 vaddr=400d0020 size=1364ch ( 79436) map[0m
[0;32mI (159) esp_image: segment 4: paddr=00033674 vaddr=40084728 size=0801ch ( 32796) load[0m
[0;32mI (179) boot: Loaded app from partition at offset 0x10000[0m
[0;32mI (179) boot: Disabling RNG early entropy source...[0m
[0;32mI (190) cpu_start: Multicore app[0m
[0;32mI (199) cpu_start: Pro cpu start user code[0m
[0;32mI (199) cpu_start: cpu freq: 160000000 Hz[0m
[0;32mI (199) cpu_start: Application information:[0m
[0;32mI (202) cpu_start: Project name:     bai5[0m
[0;32mI (207) cpu_start: App version:      v5.2.1-dirty[0m
[0;32mI (212) cpu_start: Compile time:     May  8 2024 01:06:53[0m
[0;32mI (218) cpu_start: ELF file SHA256:  2fbab6a60...[0m
[0;32mI (224) cpu_start: ESP-IDF:          v5.2.1-dirty[0m
[0;32mI (229) cpu_start: Min chip rev:     v0.0[0m
[0;32mI (234) cpu_start: Max chip rev:     v3.99 [0m
[0;32mI (239) cpu_start: Chip rev:         v3.1[0m
[0;32mI (244) heap_init: Initializing. RAM available for dynamic allocation:[0m
[0;32mI (251) heap_init: At 3FFAE6E0 len 00001920 (6 KiB): DRAM[0m
[0;32mI (257) heap_init: At 3FFB2AD0 len 0002D530 (181 KiB): DRAM[0m
[0;32mI (263) heap_init: At 3FFE0440 len 00003AE0 (14 KiB): D/IRAM[0m
[0;32mI (269) heap_init: At 3FFE4350 len 0001BCB0 (111 KiB): D/IRAM[0m
[0;32mI (276) heap_init: At 4008C744 len 000138BC (78 KiB): IRAM[0m
[0;32mI (283) spi_flash: detected chip: generic[0m
[0;32mI (286) spi_flash: flash io: dio[0m
[0;33mW (290) spi_flash: Detected size(4096k) larger than the size in the binary image header(2048k). Using the size in the binary image header.[0m
[0;32mI (304) main_task: Started on CPU0[0m
[0;32mI (314) main_task: Calling app_main()[0m
[0;32mI (314) app_main: Starting tasks...[0m

assert failed: spinlock_acquire spinlock.h:140 (lock->count == 0)


Backtrace: 0x400815ea:0x3ffb57b0 0x400857bd:0x3ffb57d0 0x4008b211:0x3ffb57f0 0x400862a6:0x3ffb5910 0x40085e7c:0x3ffb5940 0x40085f56:0x3ffb5980 0x40082661:0x3ffb59a0 0x40082769:0x3ffb59d0 0x400d5243:0x3ffb59f0 0x400d40fb:0x3ffb5a10 0x400d3c86:0x3ffb5a30 0x4000bd83:0x3ffb5a50 0x4000117d:0x3ffb5a70 0x400592fe:0x3ffb5a90 0x4005937a:0x3ffb5ab0 0x400d8045:0x3ffb5ad0 0x400dbf7f:0x3ffb5b00 0x400db942:0x3ffb5b20 0x400d80ed:0x3ffb5e40 0x400e35e1:0x3ffb5e70 0x4008af61:0x3ffb5ea0 0x400d52bc:0x3ffb5ef0 0x40086021:0x3ffb5f10




ELF file SHA256: 2fbab6a60

Rebooting...
ets Jul 29 2019 12:21:46

rst:0xc (SW_CPU_RESET),boot:0x13 (SPI_FAST_FLASH_BOOT)
configsip: 0, SPIWP:0xee
clk_drv:0x00,q_drv:0x00,d_drv:0x00,cs0_drv:0x00,hd_drv:0x00,wp_drv:0x00
mode:DIO, clock div:2
load:0x3fff0030,len:7172
load:0x40078000,len:15540
load:0x40080400,len:4
ho 8 tail 4 room 4
load:0x40080404,len:3904
entry 0x40080640
[0;32mI (31) boot: ESP-IDF v5.2.1-dirty 2nd stage bootloader[0m
[0;32mI (31) boot: compile time May  8 2024 01:07:40[0m
[0;32mI (31) boot: Multicore bootloader[0m
[0;32mI (36) boot: chip revision: v3.1[0m
[0;32mI (40) boot.esp32: SPI Speed      : 40MHz[0m
[0;32mI (44) boot.esp32: SPI Mode       : DIO[0m
[0;32mI (49) boot.esp32: SPI Flash Size : 2MB[0m
[0;32mI (53) boot: Enabling RNG early entropy source...[0m
[0;32mI (59) boot: Partition Table:[0m
[0;32mI (62) boot: ## Label            Usage          Type ST Offset   Length[0m
[0;32mI (70) boot:  0 nvs              WiFi data        01 02 00009000 00006000[0m
[0;32mI (77) boot:  1 phy_init         RF data          01 01 0000f000 00001000[0m
[0;32mI (84) boot:  2 factory          factory app      00 00 00010000 00100000[0m
[0;32mI (92) boot: End of partition table[0m
[0;32mI (96) esp_image: segment 0: paddr=00010020 vaddr=3f400020 size=096b4h ( 38580) map[0m
[0;32mI (118) esp_image: segment 1: paddr=000196dc vaddr=3ffb0000 size=0220ch (  8716) load[0m
[0;32mI (121) esp_image: segment 2: paddr=0001b8f0 vaddr=40080000 size=04728h ( 18216) load[0m
[0;32mI (131) esp_image: segment 3: paddr=00020020 vaddr=400d0020 size=1364ch ( 79436) map[0m
[0;32mI (159) esp_image: segment 4: paddr=00033674 vaddr=40084728 size=0801ch ( 32796) load[0m
[0;32mI (179) boot: Loaded app from partition at offset 0x10000[0m
[0;32mI (179) boot: Disabling RNG early entropy source...[0m
[0;32mI (190) cpu_start: Multicore app[0m
[0;32mI (199) cpu_start: Pro cpu start user code[0m
[0;32mI (199) cpu_start: cpu freq: 160000000 Hz[0m
[0;32mI (199) cpu_start: Application information:[0m
[0;32mI (202) cpu_start: Project name:     bai5[0m
[0;32mI (207) cpu_start: App version:      v5.2.1-dirty[0m
[0;32mI (212) cpu_start: Compile time:     May  8 2024 01:06:53[0m
[0;32mI (218) cpu_start: ELF file SHA256:  2fbab6a60...[0m
[0;32mI (224) cpu_start: ESP-IDF:          v5.2.1-dirty[0m
[0;32mI (229) cpu_start: Min chip rev:     v0.0[0m
[0;32mI (234) cpu_start: Max chip rev:     v3.99 [0m
[0;32mI (239) cpu_start: Chip rev:         v3.1[0m
[0;32mI (244) heap_init: Initializing. RAM available for dynamic allocation:[0m
[0;32mI (251) heap_init: At 3FFAE6E0 len 00001920 (6 KiB): DRAM[0m
[0;32mI (257) heap_init: At 3FFB2AD0 len 0002D530 (181 KiB): DRAM[0m
[0;32mI (263) heap_init: At 3FFE0440 len 00003AE0 (14 KiB): D/IRAM[0m
[0;32mI (269) heap_init: At 3FFE4350 len 0001BCB0 (111 KiB): D/IRAM[0m
[0;32mI (276) heap_init: At 4008C744 len 000138BC (78 KiB): IRAM[0m
[0;32mI (283) spi_flash: detected chip: generic[0m
[0;32mI (286) spi_flash: flash io: dio[0m
[0;33mW (290) spi_flash: Detected size(4096k) larger than the size in the binary image header(2048k). Using the size in the binary image header.[0m
[0;32mI (304) main_task: Started on CPU0[0m
[0;32mI (314) main_task: Calling app_main()[0m
[0;32mI (314) app_main: Starting tasks...[0m

assert failed: spinlock_acquire spinlock.h:140 (lock->count == 0)


Backtrace: 0x400815ea:0x3ffb57b0 0x400857bd:0x3ffb57d0 0x4008b211:0x3ffb57f0 0x400862a6:0x3ffb5910 0x40085e7c:0x3ffb5940 0x40085f56:0x3ffb5980 0x40082661:0x3ffb59a0 0x40082769:0x3ffb59d0 0x400d5243:0x3ffb59f0 0x400d40fb:0x3ffb5a10 0x400d3c86:0x3ffb5a30 0x4000bd83:0x3ffb5a50 0x4000117d:0x3ffb5a70 0x400592fe:0x3ffb5a90 0x4005937a:0x3ffb5ab0 0x400d8045:0x3ffb5ad0 0x400dbf7f:0x3ffb5b00 0x400db942:0x3ffb5b20 0x400d80ed:0x3ffb5e40 0x400e35e1:0x3ffb5e70 0x4008af61:0x3ffb5ea0 0x400d52bc:0x3ffb5ef0 0x40086021:0x3ffb5f10




ELF file SHA256: 2fbab6a60

Rebooting...
ets Jul 29 2019 12:21:46

rst:0xc (SW_CPU_RESET),boot:0x13 (SPI_FAST_FLASH_BOOT)
configsip: 0, SPIWP:0xee
clk_drv:0x00,q_drv:0x00,d_drv:0x00,cs0_drv:0x00,hd_drv:0x00,wp_drv:0x00
mode:DIO, clock div:2
load:0x3fff0030,len:7172
load:0x40078000,len:15540
load:0x40080400,len:4
ho 8 tail 4 room 4
load:0x40080404,len:3904
entry 0x40080640
[0;32mI (31) boot: ESP-IDF v5.2.1-dirty 2nd stage bootloader[0m
[0;32mI (31) boot: compile time May  8 2024 01:07:40[0m
[0;32mI (31) boot: Multicore bootloader[0m
[0;32mI (36) boot: chip revision: v3.1[0m
[0;32mI (40) boot.esp32: SPI Speed      : 40MHz[0m
[0;32mI (44) boot.esp32: SPI Mode       : DIO[0m
[0;32mI (49) boot.esp32: SPI Flash Size : 2MB[0m
[0;32mI (53) boot: Enabling RNG early entropy source...[0m
[0;32mI (59) boot: Partition Table:[0m
[0;32mI (62) boot: ## Label            Usage          Type ST Offset   Length[0m
[0;32mI (70) boot:  0 nvs              WiFi data        01 02 00009000 00006000[0m
[0;32mI (77) boot:  1 phy_init         RF data          01 01 0000f000 00001000[0m
[0;32mI (84) boot:  2 factory          factory app      00 00 00010000 00100000[0m
[0;32mI (92) boot: End of partition table[0m
[0;32mI (96) esp_image: segment 0: paddr=00010020 vaddr=3f400020 size=096b4h ( 38580) map[0m
[0;32mI (118) esp_image: segment 1: paddr=000196dc vaddr=3ffb0000 size=0220ch (  8716) load[0m
[0;32mI (121) esp_image: segment 2: paddr=0001b8f0 vaddr=40080000 size=04728h ( 18216) load[0m
[0;32mI (131) esp_image: segment 3: paddr=00020020 vaddr=400d0020 size=1364ch ( 79436) map[0m
[0;32mI (159) esp_image: segment 4: paddr=00033674 vaddr=40084728 size=0801ch ( 32796) load[0m
[0;32mI (179) boot: Loaded app from partition at offset 0x10000[0m
[0;32mI (179) boot: Disabling RNG early entropy source...[0m
[0;32mI (190) cpu_start: Multicore app[0m
[0;32mI (199) cpu_start: Pro cpu start user code[0m
[0;32mI (199) cpu_start: cpu freq: 160000000 Hz[0m
[0;32mI (199) cpu_start: Application information:[0m
[0;32mI (202) cpu_start: Project name:     bai5[0m
[0;32mI (207) cpu_start: App version:      v5.2.1-dirty[0m
[0;32mI (212) cpu_start: Compile time:     May  8 2024 01:06:53[0m
[0;32mI (218) cpu_start: ELF file SHA256:  2fbab6a60...[0m
[0;32mI (224) cpu_start: ESP-IDF:          v5.2.1-dirty[0m
[0;32mI (229) cpu_start: Min chip rev:     v0.0[0m
[0;32mI (234) cpu_start: Max chip rev:     v3.99 [0m
[0;32mI (239) cpu_start: Chip rev:         v3.1[0m
[0;32mI (244) heap_init: Initializing. RAM available for dynamic allocation:[0m
[0;32mI (251) heap_init: At 3FFAE6E0 len 00001920 (6 KiB): DRAM[0m
[0;32mI (257) heap_init: At 3FFB2AD0 len 0002D530 (181 KiB): DRAM[0m
[0;32mI (263) heap_init: At 3FFE0440 len 00003AE0 (14 KiB): D/IRAM[0m
[0;32mI (269) heap_init: At 3FFE4350 len 0001BCB0 (111 KiB): D/IRAM[0m
[0;32mI (276) heap_init: At 4008C744 len 000138BC (78 KiB): IRAM[0m
[0;32mI (283) spi_flash: detected chip: generic[0m
[0;32mI (286) spi_flash: flash io: dio[0m
[0;33mW (290) spi_flash: Detected size(4096k) larger than the size in the binary image header(2048k). Using the size in the binary image header.[0m
[0;32mI (304) main_task: Started on CPU0[0m
[0;32mI (314) main_task: Calling app_main()[0m
[0;32mI (314) app_main: Starting tasks...[0m

assert failed: spinlock_acquire spinlock.h:140 (lock->count == 0)


Backtrace: 0x400815ea:0x3ffb57b0 0x400857bd:0x3ffb57d0 0x4008b211:0x3ffb57f0 0x400862a6:0x3ffb5910 0x40085e7c:0x3ffb5940 0x40085f56:0x3ffb5980 0x40082661:0x3ffb59a0 0x40082769:0x3ffb59d0 0x400d5243:0x3ffb59f0 0x400d40fb:0x3ffb5a10 0x400d3c86:0x3ffb5a30 0x4000bd83:0x3ffb5a50 0x4000117d:0x3ffb5a70 0x400592fe:0x3ffb5a90 0x4005937a:0x3ffb5ab0 0x400d8045:0x3ffb5ad0 0x400dbf7f:0x3ffb5b00 0x400db942:0x3ffb5b20 0x400d80ed:0x3ffb5e40 0x400e35e1:0x3ffb5e70 0x4008af61:0x3ffb5ea0 0x400d52bc:0x3ffb5ef0 0x40086021:0x3ffb5f10




ELF file SHA256: 2fbab6a60

Rebooting...
ets Jul 29 2019 12:21:46

rst:0xc (SW_CPU_RESET),boot:0x13 (SPI_FAST_FLASH_BOOT)
configsip: 0, SPIWP:0xee
clk_drv:0x00,q_drv:0x00,d_drv:0x00,cs0_drv:0x00,hd_drv:0x00,wp_drv:0x00
mode:DIO, clock div:2
load:0x3fff0030,len:7172
load:0x40078000,len:15540
load:0x40080400,len:4
ho 8 tail 4 room 4
load:0x40080404,len:3904
entry 0x40080640
[0;32mI (31) boot: ESP-IDF v5.2.1-dirty 2nd stage bootloader[0m
[0;32mI (31) boot: compile time May  8 2024 01:07:40[0m
[0;32mI (31) boot: Multicore bootloader[0m
[0;32mI (36) boot: chip revision: v3.1[0m
[0;32mI (40) boot.esp32: SPI Speed      : 40MHz[0m
[0;32mI (44) boot.esp32: SPI Mode       : DIO[0m
[0;32mI (49) boot.esp32: SPI Flash Size : 2MB[0m
[0;32mI (53) boot: Enabling RNG early entropy source...[0m
[0;32mI (59) boot: Partition Table:[0m
[0;32mI (62) boot: ## Label            Usage          Type ST Offset   Length[0m
[0;32mI (70) boot:  0 nvs              WiFi data        01 02 00009000 00006000[0m
[0;32mI (77) boot:  1 phy_init         RF data          01 01 0000f000 00001000[0m
[0;32mI (84) boot:  2 factory          factory app      00 00 00010000 00100000[0m
[0;32mI (92) boot: End of partition table[0m
[0;32mI (96) esp_image: segment 0: paddr=00010020 vaddr=3f400020 size=096b4h ( 38580) map[0m
[0;32mI (118) esp_image: segment 1: paddr=000196dc vaddr=3ffb0000 size=0220ch (  8716) load[0m
[0;32mI (121) esp_image: segment 2: paddr=0001b8f0 vaddr=40080000 size=04728h ( 18216) load[0m
[0;32mI (131) esp_image: segment 3: paddr=00020020 vaddr=400d0020 size=1364ch ( 79436) map[0m
[0;32mI (159) esp_image: segment 4: paddr=00033674 vaddr=40084728 size=0801ch ( 32796) load[0m
[0;32mI (179) boot: Loaded app from partition at offset 0x10000[0m
[0;32mI (179) boot: Disabling RNG early entropy source...[0m
[0;32mI (190) cpu_start: Multicore app[0m
[0;32mI (199) cpu_start: Pro cpu start user code[0m
[0;32mI (199) cpu_start: cpu freq: 160000000 Hz[0m
[0;32mI (199) cpu_start: Application information:[0m
[0;32mI (202) cpu_start: Project name:     bai5[0m
[0;32mI (207) cpu_start: App version:      v5.2.1-dirty[0m
[0;32mI (212) cpu_start: Compile time:     May  8 2024 01:06:53[0m
[0;32mI (218) cpu_start: ELF file SHA256:  2fbab6a60...[0m
[0;32mI (224) cpu_start: ESP-IDF:          v5.2.1-dirty[0m
[0;32mI (229) cpu_start: Min chip rev:     v0.0[0m
[0;32mI (234) cpu_start: Max chip rev:     v3.99 [0m
[0;32mI (239) cpu_start: Chip rev:         v3.1[0m
[0;32mI (244) heap_init: Initializing. RAM available for dynamic allocation:[0m
[0;32mI (251) heap_init: At 3FFAE6E0 len 00001920 (6 KiB): DRAM[0m
[0;32mI (257) heap_init: At 3FFB2AD0 len 0002D530 (181 KiB): DRAM[0m
[0;32mI (263) heap_init: At 3FFE0440 len 00003AE0 (14 KiB): D/IRAM[0m
[0;32mI (269) heap_init: At 3FFE4350 len 0001BCB0 (111 KiB): D/IRAM[0m
[0;32mI (276) heap_init: At 4008C744 len 000138BC (78 KiB): IRAM[0m
[0;32mI (283) spi_flash: detected chip: generic[0m
[0;32mI (286) spi_flash: flash io: dio[0m
[0;33mW (290) spi_flash: Detected size(4096k) larger than the size in the binary image header(2048k). Using the size in the binary image header.[0m
[0;32mI (304) main_task: Started on CPU0[0m
[0;32mI (314) main_task: Calling app_main()[0m
[0;32mI (314) app_main: Starting tasks...[0m

assert failed: spinlock_acquire spinlock.h:140 (lock->count == 0)


Backtrace: 0x400815ea:0x3ffb57b0 0x400857bd:0x3ffb57d0 0x4008b211:0x3ffb57f0 0x400862a6:0x3ffb5910 0x40085e7c:0x3ffb5940 0x40085f56:0x3ffb5980 0x40082661:0x3ffb59a0 0x40082769:0x3ffb59d0 0x400d5243:0x3ffb59f0 0x400d40fb:0x3ffb5a10 0x400d3c86:0x3ffb5a30 0x4000bd83:0x3ffb5a50 0x4000117d:0x3ffb5a70 0x400592fe:0x3ffb5a90 0x4005937a:0x3ffb5ab0 0x400d8045:0x3ffb5ad0 0x400dbf7f:0x3ffb5b00 0x400db942:0x3ffb5b20 0x400d80ed:0x3ffb5e40 0x400e35e1:0x3ffb5e70 0x4008af61:0x3ffb5ea0 0x400d52bc:0x3ffb5ef0 0x40086021:0x3ffb5f10




ELF file SHA256: 2fbab6a60

Rebooting...
ets Jul 29 2019 12:21:46

rst:0xc (SW_CPU_RESET),boot:0x13 (SPI_FAST_FLASH_BOOT)
configsip: 0, SPIWP:0xee
clk_drv:0x00,q_drv:0x00,d_drv:0x00,cs0_drv:0x00,hd_drv:0x00,wp_drv:0x00
mode:DIO, clock div:2
load:0x3fff0030,len:7172
load:0x40078000,len:15540
load:0x40080400,len:4
ho 8 tail 4 room 4
load:0x40080404,len:3904
entry 0x40080640
[0;32mI (31) boot: ESP-IDF v5.2.1-dirty 2nd stage bootloader[0m
[0;32mI (31) boot: compile time May  8 2024 01:07:40[0m
[0;32mI (31) boot: Multicore bootloader[0m
[0;32mI (36) boot: chip revision: v3.1[0m
[0;32mI (40) boot.esp32: SPI Speed      : 40MHz[0m
[0;32mI (44) boot.esp32: SPI Mode       : DIO[0m
[0;32mI (49) boot.esp32: SPI Flash Size : 2MB[0m
[0;32mI (53) boot: Enabling RNG early entropy source...[0m
[0;32mI (59) boot: Partition Table:[0m
[0;32mI (62) boot: ## Label            Usage          Type ST Offset   Length[0m
[0;32mI (70) boot:  0 nvs              WiFi data        01 02 00009000 00006000[0m
[0;32mI (77) boot:  1 phy_init         RF data          01 01 0000f000 00001000[0m
[0;32mI (84) boot:  2 factory          factory app      00 00 00010000 00100000[0m
[0;32mI (92) boot: End of partition table[0m
[0;32mI (96) esp_image: segment 0: paddr=00010020 vaddr=3f400020 size=096b4h ( 38580) map[0m
[0;32mI (118) esp_image: segment 1: paddr=000196dc vaddr=3ffb0000 size=0220ch (  8716) load[0m
[0;32mI (121) esp_image: segment 2: paddr=0001b8f0 vaddr=40080000 size=04728h ( 18216) load[0m
[0;32mI (131) esp_image: segment 3: paddr=00020020 vaddr=400d0020 size=1364ch ( 79436) map[0m
[0;32mI (159) esp_image: segment 4: paddr=00033674 vaddr=40084728 size=0801ch ( 32796) load[0m
[0;32mI (179) boot: Loaded app from partition at offset 0x10000[0m
[0;32mI (179) boot: Disabling RNG early entropy source...[0m
[0;32mI (190) cpu_start: Multicore app[0m
[0;32mI (199) cpu_start: Pro cpu start user code[0m
[0;32mI (199) cpu_start: cpu freq: 160000000 Hz[0m
[0;32mI (199) cpu_start: Application information:[0m
[0;32mI (202) cpu_start: Project name:     bai5[0m
[0;32mI (207) cpu_start: App version:      v5.2.1-dirty[0m
[0;32mI (212) cpu_start: Compile time:     May  8 2024 01:06:53[0m
[0;32mI (218) cpu_start: ELF file SHA256:  2fbab6a60...[0m
[0;32mI (224) cpu_start: ESP-IDF:          v5.2.1-dirty[0m
[0;32mI (229) cpu_start: Min chip rev:     v0.0[0m
[0;32mI (234) cpu_start: Max chip rev:     v3.99 [0m
[0;32mI (239) cpu_start: Chip rev:         v3.1[0m
[0;32mI (244) heap_init: Initializing. RAM available for dynamic allocation:[0m
[0;32mI (251) heap_init: At 3FFAE6E0 len 00001920 (6 KiB): DRAM[0m
[0;32mI (257) heap_init: At 3FFB2AD0 len 0002D530 (181 KiB): DRAM[0m
[0;32mI (263) heap_init: At 3FFE0440 len 00003AE0 (14 KiB): D/IRAM[0m
[0;32mI (269) heap_init: At 3FFE4350 len 0001BCB0 (111 KiB): D/IRAM[0m
[0;32mI (276) heap_init: At 4008C744 len 000138BC (78 KiB): IRAM[0m
[0;32mI (283) spi_flash: detected chip: generic[0m
[0;32mI (286) spi_flash: flash io: dio[0m
[0;33mW (290) spi_flash: Detected size(4096k) larger than the size in the binary image header(2048k). Using the size in the binary image header.[0m
[0;32mI (304) main_task: Started on CPU0[0m
[0;32mI (314) main_task: Calling app_main()[0m
[0;32mI (314) app_main: Starting tasks...[0m

assert failed: spinlock_acquire spinlock.h:140 (lock->count == 0)


Backtrace: 0x400815ea:0x3ffb57b0 0x400857bd:0x3ffb57d0 0x4008b211:0x3ffb57f0 0x400862a6:0x3ffb5910 0x40085e7c:0x3ffb5940 0x40085f56:0x3ffb5980 0x40082661:0x3ffb59a0 0x40082769:0x3ffb59d0 0x400d5243:0x3ffb59f0 0x400d40fb:0x3ffb5a10 0x400d3c86:0x3ffb5a30 0x4000bd83:0x3ffb5a50 0x4000117d:0x3ffb5a70 0x400592fe:0x3ffb5a90 0x4005937a:0x3ffb5ab0 0x400d8045:0x3ffb5ad0 0x400dbf7f:0x3ffb5b00 0x400db942:0x3ffb5b20 0x400d80ed:0x3ffb5e40 0x400e35e1:0x3ffb5e70 0x4008af61:0x3ffb5ea0 0x400d52bc:0x3ffb5ef0 0x40086021:0x3ffb5f10




ELF file SHA256: 2fbab6a60

Rebooting...
ets Jul 29 2019 12:21:46

rst:0xc (SW_CPU_RESET),boot:0x13 (SPI_FAST_FLASH_BOOT)
configsip: 0, SPIWP:0xee
clk_drv:0x00,q_drv:0x00,d_drv:0x00,cs0_drv:0x00,hd_drv:0x00,wp_drv:0x00
mode:DIO, clock div:2
load:0x3fff0030,len:7172
load:0x40078000,len:15540
load:0x40080400,len:4
ho 8 tail 4 room 4
load:0x40080404,len:3904
entry 0x40080640
[0;32mI (31) boot: ESP-IDF v5.2.1-dirty 2nd stage bootloader[0m
[0;32mI (31) boot: compile time May  8 2024 01:07:40[0m
[0;32mI (31) boot: Multicore bootloader[0m
[0;32mI (36) boot: chip revision: v3.1[0m
[0;32mI (40) boot.esp32: SPI Speed      : 40MHz[0m
[0;32mI (44) boot.esp32: SPI Mode       : DIO[0m
[0;32mI (49) boot.esp32: SPI Flash Size : 2MB[0m
[0;32mI (53) boot: Enabling RNG early entropy source...[0m
[0;32mI (59) boot: Partition Table:[0m
[0;32mI (62) boot: ## Label            Usage          Type ST Offset   Length[0m
[0;32mI (70) boot:  0 nvs              WiFi data        01 02 00009000 00006000[0m
[0;32mI (77) boot:  1 phy_init         RF data          01 01 0000f000 00001000[0m
[0;32mI (84) boot:  2 factory          factory app      00 00 00010000 00100000[0m
[0;32mI (92) boot: End of partition table[0m
[0;32mI (96) esp_image: segment 0: paddr=00010020 vaddr=3f400020 size=096b4h ( 38580) map[0m
[0;32mI (118) esp_image: segment 1: paddr=000196dc vaddr=3ffb0000 size=0220ch (  8716) load[0m
[0;32mI (121) esp_image: segment 2: paddr=0001b8f0 vaddr=40080000 size=04728h ( 18216) load[0m
[0;32mI (131) esp_image: segment 3: paddr=00020020 vaddr=400d0020 size=1364ch ( 79436) map[0m
[0;32mI (159) esp_image: segment 4: paddr=00033674 vaddr=40084728 size=0801ch ( 32796) load[0m
[0;32mI (179) boot: Loaded app from partition at offset 0x10000[0m
[0;32mI (179) boot: Disabling RNG early entropy source...[0m
[0;32mI (190) cpu_start: Multicore app[0m
[0;32mI (199) cpu_start: Pro cpu start user code[0m
[0;32mI (199) cpu_start: cpu freq: 160000000 Hz[0m
[0;32mI (199) cpu_start: Application information:[0m
[0;32mI (202) cpu_start: Project name:     bai5[0m
[0;32mI (207) cpu_start: App version:      v5.2.1-dirty[0m
[0;32mI (212) cpu_start: Compile time:     May  8 2024 01:06:53[0m
[0;32mI (218) cpu_start: ELF file SHA256:  2fbab6a60...[0m
[0;32mI (224) cpu_start: ESP-IDF:          v5.2.1-dirty[0m
[0;32mI (229) cpu_start: Min chip rev:     v0.0[0m
[0;32mI (234) cpu_start: Max chip rev:     v3.99 [0m
[0;32mI (239) cpu_start: Chip rev:         v3.1[0m
[0;32mI (244) heap_init: Initializing. RAM available for dynamic allocation:[0m
[0;32mI (251) heap_init: At 3FFAE6E0 len 00001920 (6 KiB): DRAM[0m
[0;32mI (257) heap_init: At 3FFB2AD0 len 0002D530 (181 KiB): DRAM[0m
[0;32mI (263) heap_init: At 3FFE0440 len 00003AE0 (14 KiB): D/IRAM[0m
[0;32mI (269) heap_init: At 3FFE4350 len 0001BCB0 (111 KiB): D/IRAM[0m
[0;32mI (276) heap_init: At 4008C744 len 000138BC (78 KiB): IRAM[0m
[0;32mI (283) spi_flash: detected chip: generic[0m
[0;32mI (286) spi_flash: flash io: dio[0m
[0;33mW (290) spi_flash: Detected size(4096k) larger than the size in the binary image header(2048k). Using the size in the binary image header.[0m
[0;32mI (304) main_task: Started on CPU0[0m
[0;32mI (314) main_task: Calling app_main()[0m
[0;32mI (314) app_main: Starting tasks...[0m

assert failed: spinlock_acquire spinlock.h:140 (lock->count == 0)


Backtrace: 0x400815ea:0x3ffb57b0 0x400857bd:0x3ffb57d0 0x4008b211:0x3ffb57f0 0x400862a6:0x3ffb5910 0x40085e7c:0x3ffb5940 0x40085f56:0x3ffb5980 0x40082661:0x3ffb59a0 0x40082769:0x3ffb59d0 0x400d5243:0x3ffb59f0 0x400d40fb:0x3ffb5a10 0x400d3c86:0x3ffb5a30 0x4000bd83:0x3ffb5a50 0x4000117d:0x3ffb5a70 0x400592fe:0x3ffb5a90 0x4005937a:0x3ffb5ab0 0x400d8045:0x3ffb5ad0 0x400dbf7f:0x3ffb5b00 0x400db942:0x3ffb5b20 0x400d80ed:0x3ffb5e40 0x400e35e1:0x3ffb5e70 0x4008af61:0x3ffb5ea0 0x400d52bc:0x3ffb5ef0 0x40086021:0x3ffb5f10




ELF file SHA256: 2fbab6a60

Rebooting...
ets Jul 29 2019 12:21:46

rst:0xc (SW_CPU_RESET),boot:0x13 (SPI_FAST_FLASH_BOOT)
configsip: 0, SPIWP:0xee
clk_drv:0x00,q_drv:0x00,d_drv:0x00,cs0_drv:0x00,hd_drv:0x00,wp_drv:0x00
mode:DIO, clock div:2
load:0x3fff0030,len:7172
load:0x40078000,len:15540
load:0x40080400,len:4
ho 8 tail 4 room 4
load:0x40080404,len:3904
entry 0x40080640
[0;32mI (31) boot: ESP-IDF v5.2.1-dirty 2nd stage bootloader[0m
[0;32mI (31) boot: compile time May  8 2024 01:07:40[0m
[0;32mI (31) boot: Multicore bootloader[0m
[0;32mI (36) boot: chip revision: v3.1[0m
[0;32mI (40) boot.esp32: SPI Speed      : 40MHz[0m
[0;32mI (44) boot.esp32: SPI Mode       : DIO[0m
[0;32mI (49) boot.esp32: SPI Flash Size : 2MB[0m
[0;32mI (53) boot: Enabling RNG early entropy source...[0m
[0;32mI (59) boot: Partition Table:[0m
[0;32mI (62) boot: ## Label            Usage          Type ST Offset   Length[0m
[0;32mI (70) boot:  0 nvs              WiFi data        01 02 00009000 00006000[0m
[0;32mI (77) boot:  1 phy_init         RF data          01 01 0000f000 00001000[0m
[0;32mI (84) boot:  2 factory          factory app      00 00 00010000 00100000[0m
[0;32mI (92) boot: End of partition table[0m
[0;32mI (96) esp_image: segment 0: paddr=00010020 vaddr=3f400020 size=096b4h ( 38580) map[0m
[0;32mI (118) esp_image: segment 1: paddr=000196dc vaddr=3ffb0000 size=0220ch (  8716) load[0m
[0;32mI (121) esp_image: segment 2: paddr=0001b8f0 vaddr=40080000 size=04728h ( 18216) load[0m
[0;32mI (131) esp_image: segment 3: paddr=00020020 vaddr=400d0020 size=1364ch ( 79436) map[0m
[0;32mI (159) esp_image: segment 4: paddr=00033674 vaddr=40084728 size=0801ch ( 32796) load[0m
[0;32mI (179) boot: Loaded app from partition at offset 0x10000[0m
[0;32mI (179) boot: Disabling RNG early entropy source...[0m
[0;32mI (190) cpu_start: Multicore app[0m
[0;32mI (199) cpu_start: Pro cpu start user code[0m
[0;32mI (199) cpu_start: cpu freq: 160000000 Hz[0m
[0;32mI (199) cpu_start: Application information:[0m
[0;32mI (202) cpu_start: Project name:     bai5[0m
[0;32mI (207) cpu_start: App version:      v5.2.1-dirty[0m
[0;32mI (212) cpu_start: Compile time:     May  8 2024 01:06:53[0m
[0;32mI (218) cpu_start: ELF file SHA256:  2fbab6a60...[0m
[0;32mI (224) cpu_start: ESP-IDF:          v5.2.1-dirty[0m
[0;32mI (229) cpu_start: Min chip rev:     v0.0[0m
[0;32mI (234) cpu_start: Max chip rev:     v3.99 [0m
[0;32mI (239) cpu_start: Chip rev:         v3.1[0m
[0;32mI (244) heap_init: Initializing. RAM available for dynamic allocation:[0m
[0;32mI (251) heap_init: At 3FFAE6E0 len 00001920 (6 KiB): DRAM[0m
[0;32mI (257) heap_init: At 3FFB2AD0 len 0002D530 (181 KiB): DRAM[0m
[0;32mI (263) heap_init: At 3FFE0440 len 00003AE0 (14 KiB): D/IRAM[0m
[0;32mI (269) heap_init: At 3FFE4350 len 0001BCB0 (111 KiB): D/IRAM[0m
[0;32mI (276) heap_init: At 4008C744 len 000138BC (78 KiB): IRAM[0m
[0;32mI (283) spi_flash: detected chip: generic[0m
[0;32mI (286) spi_flash: flash io: dio[0m
[0;33mW (290) spi_flash: Detected size(4096k) larger than the size in the binary image header(2048k). Using the size in the binary image header.[0m
[0;32mI (304) main_task: Started on CPU0[0m
[0;32mI (314) main_task: Calling app_main()[0m
[0;32mI (314) app_main: Starting tasks...[0m

assert failed: spinlock_acquire spinlock.h:140 (lock->count == 0)


Backtrace: 0x400815ea:0x3ffb57b0 0x400857bd:0x3ffb57d0 0x4008b211:0x3ffb57f0 0x400862a6:0x3ffb5910 0x40085e7c:0x3ffb5940 0x40085f56:0x3ffb5980 0x40082661:0x3ffb59a0 0x40082769:0x3ffb59d0 0x400d5243:0x3ffb59f0 0x400d40fb:0x3ffb5a10 0x400d3c86:0x3ffb5a30 0x4000bd83:0x3ffb5a50 0x4000117d:0x3ffb5a70 0x400592fe:0x3ffb5a90 0x4005937a:0x3ffb5ab0 0x400d8045:0x3ffb5ad0 0x400dbf7f:0x3ffb5b00 0x400db942:0x3ffb5b20 0x400d80ed:0x3ffb5e40 0x400e35e1:0x3ffb5e70 0x4008af61:0x3ffb5ea0 0x400d52bc:0x3ffb5ef0 0x40086021:0x3ffb5f10




ELF file SHA256: 2fbab6a60

Rebooting...
ets Jul 29 2019 12:21:46

rst:0xc (SW_CPU_RESET),boot:0x13 (SPI_FAST_FLASH_BOOT)
configsip: 0, SPIWP:0xee
clk_drv:0x00,q_drv:0x00,d_drv:0x00,cs0_drv:0x00,hd_drv:0x00,wp_drv:0x00
mode:DIO, clock div:2
load:0x3fff0030,len:7172
load:0x40078000,len:15540
load:0x40080400,len:4
ho 8 tail 4 room 4
load:0x40080404,len:3904
entry 0x40080640
[0;32mI (31) boot: ESP-IDF v5.2.1-dirty 2nd stage bootloader[0m
[0;32mI (31) boot: compile time May  8 2024 01:07:40[0m
[0;32mI (31) boot: Multicore bootloader[0m
[0;32mI (36) boot: chip revision: v3.1[0m
[0;32mI (40) boot.esp32: SPI Speed      : 40MHz[0m
[0;32mI (44) boot.esp32: SPI Mode       : DIO[0m
[0;32mI (49) boot.esp32: SPI Flash Size : 2MB[0m
[0;32mI (53) boot: Enabling RNG early entropy source...[0m
[0;32mI (59) boot: Partition Table:[0m
[0;32mI (62) boot: ## Label            Usage          Type ST Offset   Length[0m
[0;32mI (70) boot:  0 nvs              WiFi data        01 02 00009000 00006000[0m
[0;32mI (77) boot:  1 phy_init         RF data          01 01 0000f000 00001000[0m
[0;32mI (84) boot:  2 factory          factory app      00 00 00010000 00100000[0m
[0;32mI (92) boot: End of partition table[0m
[0;32mI (96) esp_image: segment 0: paddr=00010020 vaddr=3f400020 size=096b4h ( 38580) map[0m
[0;32mI (118) esp_image: segment 1: paddr=000196dc vaddr=3ffb0000 size=0220ch (  8716) load[0m
[0;32mI (121) esp_image: segment 2: paddr=0001b8f0 vaddr=40080000 size=04728h ( 18216) load[0m
[0;32mI (131) esp_image: segment 3: paddr=00020020 vaddr=400d0020 size=1364ch ( 79436) map[0m
[0;32mI (159) esp_image: segment 4: paddr=00033674 vaddr=40084728 size=0801ch ( 32796) load[0m
[0;32mI (179) boot: Loaded app from partition at offset 0x10000[0m
[0;32mI (179) boot: Disabling RNG early entropy source...[0m
[0;32mI (190) cpu_start: Multicore app[0m
[0;32mI (199) cpu_start: Pro cpu start user code[0m
[0;32mI (199) cpu_start: cpu freq: 160000000 Hz[0m
[0;32mI (199) cpu_start: Application information:[0m
[0;32mI (202) cpu_start: Project name:     bai5[0m
[0;32mI (207) cpu_start: App version:      v5.2.1-dirty[0m
[0;32mI (212) cpu_start: Compile time:     May  8 2024 01:06:53[0m
[0;32mI (218) cpu_start: ELF file SHA256:  2fbab6a60...[0m
[0;32mI (224) cpu_start: ESP-IDF:          v5.2.1-dirty[0m
[0;32mI (229) cpu_start: Min chip rev:     v0.0[0m
[0;32mI (234) cpu_start: Max chip rev:     v3.99 [0m
[0;32mI (239) cpu_start: Chip rev:         v3.1[0m
[0;32mI (244) heap_init: Initializing. RAM available for dynamic allocation:[0m
[0;32mI (251) heap_init: At 3FFAE6E0 len 00001920 (6 KiB): DRAM[0m
[0;32mI (257) heap_init: At 3FFB2AD0 len 0002D530 (181 KiB): DRAM[0m
[0;32mI (263) heap_init: At 3FFE0440 len 00003AE0 (14 KiB): D/IRAM[0m
[0;32mI (269) heap_init: At 3FFE4350 len 0001BCB0 (111 KiB): D/IRAM[0m
[0;32mI (276) heap_init: At 4008C744 len 000138BC (78 KiB): IRAM[0m
[0;32mI (283) spi_flash: detected chip: generic[0m
[0;32mI (286) spi_flash: flash io: dio[0m
[0;33mW (290) spi_flash: Detected size(4096k) larger than the size in the binary image header(2048k). Using the size in the binary image header.[0m
[0;32mI (304) main_task: Started on CPU0[0m
[0;32mI (314) main_task: Calling app_main()[0m
[0;32mI (314) app_main: Starting tasks...[0m

assert failed: spinlock_acquire spinlock.h:140 (lock->count == 0)


Backtrace: 0x400815ea:0x3ffb57b0 0x400857bd:0x3ffb57d0 0x4008b211:0x3ffb57f0 0x400862a6:0x3ffb5910 0x40085e7c:0x3ffb5940 0x40085f56:0x3ffb5980 0x40082661:0x3ffb59a0 0x40082769:0x3ffb59d0 0x400d5243:0x3ffb59f0 0x400d40fb:0x3ffb5a10 0x400d3c86:0x3ffb5a30 0x4000bd83:0x3ffb5a50 0x4000117d:0x3ffb5a70 0x400592fe:0x3ffb5a90 0x4005937a:0x3ffb5ab0 0x400d8045:0x3ffb5ad0 0x400dbf7f:0x3ffb5b00 0x400db942:0x3ffb5b20 0x400d80ed:0x3ffb5e40 0x400e35e1:0x3ffb5e70 0x4008af61:0x3ffb5ea0 0x400d52bc:0x3ffb5ef0 0x40086021:0x3ffb5f10




ELF file SHA256: 2fbab6a60

Rebooting...
ets Jul 29 2019 12:21:46

rst:0xc (SW_CPU_RESET),boot:0x13 (SPI_FAST_FLASH_BOOT)
configsip: 0, SPIWP:0xee
clk_drv:0x00,q_drv:0x00,d_drv:0x00,cs0_drv:0x00,hd_drv:0x00,wp_drv:0x00
mode:DIO, clock div:2
load:0x3fff0030,len:7172
load:0x40078000,len:15540
load:0x40080400,len:4
ho 8 tail 4 room 4
load:0x40080404,len:3904
entry 0x40080640
[0;32mI (31) boot: ESP-IDF v5.2.1-dirty 2nd stage bootloader[0m
[0;32mI (31) boot: compile time May  8 2024 01:07:40[0m
[0;32mI (31) boot: Multicore bootloader[0m
[0;32mI (36) boot: chip revision: v3.1[0m
[0;32mI (40) boot.esp32: SPI Speed      : 40MHz[0m
[0;32mI (44) boot.esp32: SPI Mode       : DIO[0m
[0;32mI (49) boot.esp32: SPI Flash Size : 2MB[0m
[0;32mI (53) boot: Enabling RNG early entropy source...[0m
[0;32mI (59) boot: Partition Table:[0m
[0;32mI (62) boot: ## Label            Usage          Type ST Offset   Length[0m
[0;32mI (70) boot:  0 nvs              WiFi data        01 02 00009000 00006000[0m
[0;32mI (77) boot:  1 phy_init         RF data          01 01 0000f000 00001000[0m
[0;32mI (84) boot:  2 factory          factory app      00 00 00010000 00100000[0m
[0;32mI (92) boot: End of partition table[0m
[0;32mI (96) esp_image: segment 0: paddr=00010020 vaddr=3f400020 size=096b4h ( 38580) map[0m
[0;32mI (118) esp_image: segment 1: paddr=000196dc vaddr=3ffb0000 size=0220ch (  8716) load[0m
[0;32mI (121) esp_image: segment 2: paddr=0001b8f0 vaddr=40080000 size=04728h ( 18216) load[0m
[0;32mI (131) esp_image: segment 3: paddr=00020020 vaddr=400d0020 size=1364ch ( 79436) map[0m
[0;32mI (159) esp_image: segment 4: paddr=00033674 vaddr=40084728 size=0801ch ( 32796) load[0m
[0;32mI (179) boot: Loaded app from partition at offset 0x10000[0m
[0;32mI (179) boot: Disabling RNG early entropy source...[0m
[0;32mI (190) cpu_start: Multicore app[0m
[0;32mI (199) cpu_start: Pro cpu start user code[0m
[0;32mI (199) cpu_start: cpu freq: 160000000 Hz[0m
[0;32mI (199) cpu_start: Application information:[0m
[0;32mI (202) cpu_start: Project name:     bai5[0m
[0;32mI (207) cpu_start: App version:      v5.2.1-dirty[0m
[0;32mI (212) cpu_start: Compile time:     May  8 2024 01:06:53[0m
[0;32mI (218) cpu_start: ELF file SHA256:  2fbab6a60...[0m
[0;32mI (224) cpu_start: ESP-IDF:          v5.2.1-dirty[0m
[0;32mI (229) cpu_start: Min chip rev:     v0.0[0m
[0;32mI (234) cpu_start: Max chip rev:     v3.99 [0m
[0;32mI (239) cpu_start: Chip rev:         v3.1[0m
[0;32mI (244) heap_init: Initializing. RAM available for dynamic allocation:[0m
[0;32mI (251) heap_init: At 3FFAE6E0 len 00001920 (6 KiB): DRAM[0m
[0;32mI (257) heap_init: At 3FFB2AD0 len 0002D530 (181 KiB): DRAM[0m
[0;32mI (263) heap_init: At 3FFE0440 len 00003AE0 (14 KiB): D/IRAM[0m
[0;32mI (269) heap_init: At 3FFE4350 len 0001BCB0 (111 KiB): D/IRAM[0m
[0;32mI (276) heap_init: At 4008C744 len 000138BC (78 KiB): IRAM[0m
[0;32mI (283) spi_flash: detected chip: generic[0m
[0;32mI (286) spi_flash: flash io: dio[0m
[0;33mW (290) spi_flash: Detected size(4096k) larger than the size in the binary image header(2048k). Using the size in the binary image header.[0m
[0;32mI (304) main_task: Started on CPU0[0m
[0;32mI (314) main_task: Calling app_main()[0m
[0;32mI (314) app_main: Starting tasks...[0m

assert failed: spinlock_acquire spinlock.h:140 (lock->count == 0)


Backtrace: 0x400815ea:0x3ffb57b0 0x400857bd:0x3ffb57d0 0x4008b211:0x3ffb57f0 0x400862a6:0x3ffb5910 0x40085e7c:0x3ffb5940 0x40085f56:0x3ffb5980 0x40082661:0x3ffb59a0 0x40082769:0x3ffb59d0 0x400d5243:0x3ffb59f0 0x400d40fb:0x3ffb5a10 0x400d3c86:0x3ffb5a30 0x4000bd83:0x3ffb5a50 0x4000117d:0x3ffb5a70 0x400592fe:0x3ffb5a90 0x4005937a:0x3ffb5ab0 0x400d8045:0x3ffb5ad0 0x400dbf7f:0x3ffb5b00 0x400db942:0x3ffb5b20 0x400d80ed:0x3ffb5e40 0x400e35e1:0x3ffb5e70 0x4008af61:0x3ffb5ea0 0x400d52bc:0x3ffb5ef0 0x40086021:0x3ffb5f10




ELF file SHA256: 2fbab6a60

Rebooting...
ets Jul 29 2019 12:21:46

rst:0xc (SW_CPU_RESET),boot:0x13 (SPI_FAST_FLASH_BOOT)
configsip: 0, SPIWP:0xee
clk_drv:0x00,q_drv:0x00,d_drv:0x00,cs0_drv:0x00,hd_drv:0x00,wp_drv:0x00
mode:DIO, clock div:2
load:0x3fff0030,len:7172
load:0x40078000,len:15540
load:0x40080400,len:4
ho 8 tail 4 room 4
load:0x40080404,len:3904
entry 0x40080640
[0;32mI (31) boot: ESP-IDF v5.2.1-dirty 2nd stage bootloader[0m
[0;32mI (31) boot: compile time May  8 2024 01:07:40[0m
[0;32mI (31) boot: Multicore bootloader[0m
[0;32mI (36) boot: chip revision: v3.1[0m
[0;32mI (40) boot.esp32: SPI Speed      : 40MHz[0m
[0;32mI (44) boot.esp32: SPI Mode       : DIO[0m
[0;32mI (49) boot.esp32: SPI Flash Size : 2MB[0m
[0;32mI (53) boot: Enabling RNG early entropy source...[0m
[0;32mI (59) boot: Partition Table:[0m
[0;32mI (62) boot: ## Label            Usage          Type ST Offset   Length[0m
[0;32mI (70) boot:  0 nvs              WiFi data        01 02 00009000 00006000[0m
[0;32mI (77) boot:  1 phy_init         RF data          01 01 0000f000 00001000[0m
[0;32mI (84) boot:  2 factory          factory app      00 00 00010000 00100000[0m
[0;32mI (92) boot: End of partition table[0m
[0;32mI (96) esp_image: segment 0: paddr=00010020 vaddr=3f400020 size=096b4h ( 38580) map[0m
[0;32mI (118) esp_image: segment 1: paddr=000196dc vaddr=3ffb0000 size=0220ch (  8716) load[0m
[0;32mI (121) esp_image: segment 2: paddr=0001b8f0 vaddr=40080000 size=04728h ( 18216) load[0m
[0;32mI (131) esp_image: segment 3: paddr=00020020 vaddr=400d0020 size=1364ch ( 79436) map[0m
[0;32mI (159) esp_image: segment 4: paddr=00033674 vaddr=40084728 size=0801ch ( 32796) load[0m
[0;32mI (179) boot: Loaded app from partition at offset 0x10000[0m
[0;32mI (179) boot: Disabling RNG early entropy source...[0m
[0;32mI (190) cpu_start: Multicore app[0m
[0;32mI (199) cpu_start: Pro cpu start user code[0m
[0;32mI (199) cpu_start: cpu freq: 160000000 Hz[0m
[0;32mI (199) cpu_start: Application information:[0m
[0;32mI (202) cpu_start: Project name:     bai5[0m
[0;32mI (207) cpu_start: App version:      v5.2.1-dirty[0m
[0;32mI (212) cpu_start: Compile time:     May  8 2024 01:06:53[0m
[0;32mI (218) cpu_start: ELF file SHA256:  2fbab6a60...[0m
[0;32mI (224) cpu_start: ESP-IDF:          v5.2.1-dirty[0m
[0;32mI (229) cpu_start: Min chip rev:     v0.0[0m
[0;32mI (234) cpu_start: Max chip rev:     v3.99 [0m
[0;32mI (239) cpu_start: Chip rev:         v3.1[0m
[0;32mI (244) heap_init: Initializing. RAM available for dynamic allocation:[0m
[0;32mI (251) heap_init: At 3FFAE6E0 len 00001920 (6 KiB): DRAM[0m
[0;32mI (257) heap_init: At 3FFB2AD0 len 0002D530 (181 KiB): DRAM[0m
[0;32mI (263) heap_init: At 3FFE0440 len 00003AE0 (14 KiB): D/IRAM[0m
[0;32mI (269) heap_init: At 3FFE4350 len 0001BCB0 (111 KiB): D/IRAM[0m
[0;32mI (276) heap_init: At 4008C744 len 000138BC (78 KiB): IRAM[0m
[0;32mI (283) spi_flash: detected chip: generic[0m
[0;32mI (286) spi_flash: flash io: dio[0m
[0;33mW (290) spi_flash: Detected size(4096k) larger than the size in the binary image header(2048k). Using the size in the binary image header.[0m
[0;32mI (304) main_task: Started on CPU0[0m
[0;32mI (314) main_task: Calling app_main()[0m
[0;32mI (314) app_main: Starting tasks...[0m

assert failed: spinlock_acquire spinlock.h:140 (lock->count == 0)


Backtrace: 0x400815ea:0x3ffb57b0 0x400857bd:0x3ffb57d0 0x4008b211:0x3ffb57f0 0x400862a6:0x3ffb5910 0x40085e7c:0x3ffb5940 0x40085f56:0x3ffb5980 0x40082661:0x3ffb59a0 0x40082769:0x3ffb59d0 0x400d5243:0x3ffb59f0 0x400d40fb:0x3ffb5a10 0x400d3c86:0x3ffb5a30 0x4000bd83:0x3ffb5a50 0x4000117d:0x3ffb5a70 0x400592fe:0x3ffb5a90 0x4005937a:0x3ffb5ab0 0x400d8045:0x3ffb5ad0 0x400dbf7f:0x3ffb5b00 0x400db942:0x3ffb5b20 0x400d80ed:0x3ffb5e40 0x400e35e1:0x3ffb5e70 0x4008af61:0x3ffb5ea0 0x400d52bc:0x3ffb5ef0 0x40086021:0x3ffb5f10




ELF file SHA256: 2fbab6a60

Rebooting...
ets Jul 29 2019 12:21:46

rst:0xc (SW_CPU_RESET),boot:0x13 (SPI_FAST_FLASH_BOOT)
configsip: 0, SPIWP:0xee
clk_drv:0x00,q_drv:0x00,d_drv:0x00,cs0_drv:0x00,hd_drv:0x00,wp_drv:0x00
mode:DIO, clock div:2
load:0x3fff0030,len:7172
load:0x40078000,len:15540
load:0x40080400,len:4
ho 8 tail 4 room 4
load:0x40080404,len:3904
entry 0x40080640
[0;32mI (31) boot: ESP-IDF v5.2.1-dirty 2nd stage bootloader[0m
[0;32mI (31) boot: compile time May  8 2024 01:07:40[0m
[0;32mI (31) boot: Multicore bootloader[0m
[0;32mI (36) boot: chip revision: v3.1[0m
[0;32mI (40) boot.esp32: SPI Speed      : 40MHz[0m
[0;32mI (44) boot.esp32: SPI Mode       : DIO[0m
[0;32mI (49) boot.esp32: SPI Flash Size : 2MB[0m
[0;32mI (53) boot: Enabling RNG early entropy source...[0m
[0;32mI (59) boot: Partition Table:[0m
[0;32mI (62) boot: ## Label            Usage          Type ST Offset   Length[0m
[0;32mI (70) boot:  0 nvs              WiFi data        01 02 00009000 00006000[0m
[0;32mI (77) boot:  1 phy_init         RF data          01 01 0000f000 00001000[0m
[0;32mI (84) boot:  2 factory          factory app      00 00 00010000 00100000[0m
[0;32mI (92) boot: End of partition table[0m
[0;32mI (96) esp_image: segment 0: paddr=00010020 vaddr=3f400020 size=096b4h ( 38580) map[0m
[0;32mI (118) esp_image: segment 1: paddr=000196dc vaddr=3ffb0000 size=0220ch (  8716) load[0m
[0;32mI (121) esp_image: segment 2: paddr=0001b8f0 vaddr=40080000 size=04728h ( 18216) load[0m
[0;32mI (131) esp_image: segment 3: paddr=00020020 vaddr=400d0020 size=1364ch ( 79436) map[0m
[0;32mI (159) esp_image: segment 4: paddr=00033674 vaddr=40084728 size=0801ch ( 32796) load[0m
[0;32mI (179) boot: Loaded app from partition at offset 0x10000[0m
[0;32mI (179) boot: Disabling RNG early entropy source...[0m
[0;32mI (190) cpu_start: Multicore app[0m
[0;32mI (199) cpu_start: Pro cpu start user code[0m
[0;32mI (199) cpu_start: cpu freq: 160000000 Hz[0m
[0;32mI (199) cpu_start: Application information:[0m
[0;32mI (202) cpu_start: Project name:     bai5[0m
[0;32mI (207) cpu_start: App version:      v5.2.1-dirty[0m
[0;32mI (212) cpu_start: Compile time:     May  8 2024 01:06:53[0m
[0;32mI (218) cpu_start: ELF file SHA256:  2fbab6a60...[0m
[0;32mI (224) cpu_start: ESP-IDF:          v5.2.1-dirty[0m
[0;32mI (229) cpu_start: Min chip rev:     v0.0[0m
[0;32mI (234) cpu_start: Max chip rev:     v3.99 [0m
[0;32mI (239) cpu_start: Chip rev:         v3.1[0m
[0;32mI (244) heap_init: Initializing. RAM available for dynamic allocation:[0m
[0;32mI (251) heap_init: At 3FFAE6E0 len 00001920 (6 KiB): DRAM[0m
[0;32mI (257) heap_init: At 3FFB2AD0 len 0002D530 (181 KiB): DRAM[0m
[0;32mI (263) heap_init: At 3FFE0440 len 00003AE0 (14 KiB): D/IRAM[0m
[0;32mI (269) heap_init: At 3FFE4350 len 0001BCB0 (111 KiB): D/IRAM[0m
[0;32mI (276) heap_init: At 4008C744 len 000138BC (78 KiB): IRAM[0m
[0;32mI (283) spi_flash: detected chip: generic[0m
[0;32mI (286) spi_flash: flash io: dio[0m
[0;33mW (290) spi_flash: Detected size(4096k) larger than the size in the binary image header(2048k). Using the size in the binary image header.[0m
[0;32mI (304) main_task: Started on CPU0[0m
[0;32mI (314) main_task: Calling app_main()[0m
[0;32mI (314) app_main: Starting tasks...[0m

assert failed: spinlock_acquire spinlock.h:140 (lock->count == 0)


Backtrace: 0x400815ea:0x3ffb57b0 0x400857bd:0x3ffb57d0 0x4008b211:0x3ffb57f0 0x400862a6:0x3ffb5910 0x40085e7c:0x3ffb5940 0x40085f56:0x3ffb5980 0x40082661:0x3ffb59a0 0x40082769:0x3ffb59d0 0x400d5243:0x3ffb59f0 0x400d40fb:0x3ffb5a10 0x400d3c86:0x3ffb5a30 0x4000bd83:0x3ffb5a50 0x4000117d:0x3ffb5a70 0x400592fe:0x3ffb5a90 0x4005937a:0x3ffb5ab0 0x400d8045:0x3ffb5ad0 0x400dbf7f:0x3ffb5b00 0x400db942:0x3ffb5b20 0x400d80ed:0x3ffb5e40 0x400e35e1:0x3ffb5e70 0x4008af61:0x3ffb5ea0 0x400d52bc:0x3ffb5ef0 0x40086021:0x3ffb5f10




ELF file SHA256: 2fbab6a60

Rebooting...
ets Jul 29 2019 12:21:46

rst:0xc (SW_CPU_RESET),boot:0x13 (SPI_FAST_FLASH_BOOT)
configsip: 0, SPIWP:0xee
clk_drv:0x00,q_drv:0x00,d_drv:0x00,cs0_drv:0x00,hd_drv:0x00,wp_drv:0x00
mode:DIO, clock div:2
load:0x3fff0030,len:7172
load:0x40078000,len:15540
load:0x40080400,len:4
ho 8 tail 4 room 4
load:0x40080404,len:3904
entry 0x40080640
[0;32mI (31) boot: ESP-IDF v5.2.1-dirty 2nd stage bootloader[0m
[0;32mI (31) boot: compile time May  8 2024 01:07:40[0m
[0;32mI (31) boot: Multicore bootloader[0m
[0;32mI (36) boot: chip revision: v3.1[0m
[0;32mI (40) boot.esp32: SPI Speed      : 40MHz[0m
[0;32mI (44) boot.esp32: SPI Mode       : DIO[0m
[0;32mI (49) boot.esp32: SPI Flash Size : 2MB[0m
[0;32mI (53) boot: Enabling RNG early entropy source...[0m
[0;32mI (59) boot: Partition Table:[0m
[0;32mI (62) boot: ## Label            Usage          Type ST Offset   Length[0m
[0;32mI (70) boot:  0 nvs              WiFi data        01 02 00009000 00006000[0m
[0;32mI (77) boot:  1 phy_init         RF data          01 01 0000f000 00001000[0m
[0;32mI (84) boot:  2 factory          factory app      00 00 00010000 00100000[0m
[0;32mI (92) boot: End of partition table[0m
[0;32mI (96) esp_image: segment 0: paddr=00010020 vaddr=3f400020 size=096b4h ( 38580) map[0m
[0;32mI (118) esp_image: segment 1: paddr=000196dc vaddr=3ffb0000 size=0220ch (  8716) load[0m
[0;32mI (121) esp_image: segment 2: paddr=0001b8f0 vaddr=40080000 size=04728h ( 18216) load[0m
[0;32mI (131) esp_image: segment 3: paddr=00020020 vaddr=400d0020 size=1364ch ( 79436) map[0m
[0;32mI (159) esp_image: segment 4: paddr=00033674 vaddr=40084728 size=0801ch ( 32796) load[0m
[0;32mI (179) boot: Loaded app from partition at offset 0x10000[0m
[0;32mI (179) boot: Disabling RNG early entropy source...[0m
[0;32mI (190) cpu_start: Multicore app[0m
[0;32mI (199) cpu_start: Pro cpu start user code[0m
[0;32mI (199) cpu_start: cpu freq: 160000000 Hz[0m
[0;32mI (199) cpu_start: Application information:[0m
[0;32mI (202) cpu_start: Project name:     bai5[0m
[0;32mI (207) cpu_start: App version:      v5.2.1-dirty[0m
[0;32mI (212) cpu_start: Compile time:     May  8 2024 01:06:53[0m
[0;32mI (218) cpu_start: ELF file SHA256:  2fbab6a60...[0m
[0;32mI (224) cpu_start: ESP-IDF:          v5.2.1-dirty[0m
[0;32mI (229) cpu_start: Min chip rev:     v0.0[0m
[0;32mI (234) cpu_start: Max chip rev:     v3.99 [0m
[0;32mI (239) cpu_start: Chip rev:         v3.1[0m
[0;32mI (244) heap_init: Initializing. RAM available for dynamic allocation:[0m
[0;32mI (251) heap_init: At 3FFAE6E0 len 00001920 (6 KiB): DRAM[0m
[0;32mI (257) heap_init: At 3FFB2AD0 len 0002D530 (181 KiB): DRAM[0m
[0;32mI (263) heap_init: At 3FFE0440 len 00003AE0 (14 KiB): D/IRAM[0m
[0;32mI (269) heap_init: At 3FFE4350 len 0001BCB0 (111 KiB): D/IRAM[0m
[0;32mI (276) heap_init: At 4008C744 len 000138BC (78 KiB): IRAM[0m
[0;32mI (283) spi_flash: detected chip: generic[0m
[0;32mI (286) spi_flash: flash io: dio[0m
[0;33mW (290) spi_flash: Detected size(4096k) larger than the size in the binary image header(2048k). Using the size in the binary image header.[0m
[0;32mI (304) main_task: Started on CPU0[0m
[0;32mI (314) main_task: Calling app_main()[0m
[0;32mI (314) app_main: Starting tasks...[0m

assert failed: spinlock_acquire spinlock.h:140 (lock->count == 0)


Backtrace: 0x400815ea:0x3ffb57b0 0x400857bd:0x3ffb57d0 0x4008b211:0x3ffb57f0 0x400862a6:0x3ffb5910 0x40085e7c:0x3ffb5940 0x40085f56:0x3ffb5980 0x40082661:0x3ffb59a0 0x40082769:0x3ffb59d0 0x400d5243:0x3ffb59f0 0x400d40fb:0x3ffb5a10 0x400d3c86:0x3ffb5a30 0x4000bd83:0x3ffb5a50 0x4000117d:0x3ffb5a70 0x400592fe:0x3ffb5a90 0x4005937a:0x3ffb5ab0 0x400d8045:0x3ffb5ad0 0x400dbf7f:0x3ffb5b00 0x400db942:0x3ffb5b20 0x400d80ed:0x3ffb5e40 0x400e35e1:0x3ffb5e70 0x4008af61:0x3ffb5ea0 0x400d52bc:0x3ffb5ef0 0x40086021:0x3ffb5f10




ELF file SHA256: 2fbab6a60

Rebooting...
ets Jul 29 2019 12:21:46

rst:0xc (SW_CPU_RESET),boot:0x13 (SPI_FAST_FLASH_BOOT)
configsip: 0, SPIWP:0xee
clk_drv:0x00,q_drv:0x00,d_drv:0x00,cs0_drv:0x00,hd_drv:0x00,wp_drv:0x00
mode:DIO, clock div:2
load:0x3fff0030,len:7172
load:0x40078000,len:15540
load:0x40080400,len:4
ho 8 tail 4 room 4
load:0x40080404,len:3904
entry 0x40080640
[0;32mI (31) boot: ESP-IDF v5.2.1-dirty 2nd stage bootloader[0m
[0;32mI (31) boot: compile time May  8 2024 01:07:40[0m
[0;32mI (31) boot: Multicore bootloader[0m
[0;32mI (36) boot: chip revision: v3.1[0m
[0;32mI (40) boot.esp32: SPI Speed      : 40MHz[0m
[0;32mI (44) boot.esp32: SPI Mode       : DIO[0m
[0;32mI (49) boot.esp32: SPI Flash Size : 2MB[0m
[0;32mI (53) boot: Enabling RNG early entropy source...[0m
[0;32mI (59) boot: Partition Table:[0m
[0;32mI (62) boot: ## Label            Usage          Type ST Offset   Length[0m
[0;32mI (70) boot:  0 nvs              WiFi data        01 02 00009000 00006000[0m
[0;32mI (77) boot:  1 phy_init         RF data          01 01 0000f000 00001000[0m
[0;32mI (84) boot:  2 factory          factory app      00 00 00010000 00100000[0m
[0;32mI (92) boot: End of partition table[0m
[0;32mI (96) esp_image: segment 0: paddr=00010020 vaddr=3f400020 size=096b4h ( 38580) map[0m
[0;32mI (118) esp_image: segment 1: paddr=000196dc vaddr=3ffb0000 size=0220ch (  8716) load[0m
[0;32mI (121) esp_image: segment 2: paddr=0001b8f0 vaddr=40080000 size=04728h ( 18216) load[0m
[0;32mI (131) esp_image: segment 3: paddr=00020020 vaddr=400d0020 size=1364ch ( 79436) map[0m
[0;32mI (159) esp_image: segment 4: paddr=00033674 vaddr=40084728 size=0801ch ( 32796) load[0m
[0;32mI (179) boot: Loaded app from partition at offset 0x10000[0m
[0;32mI (179) boot: Disabling RNG early entropy source...[0m
[0;32mI (190) cpu_start: Multicore app[0m
[0;32mI (199) cpu_start: Pro cpu start user code[0m
[0;32mI (199) cpu_start: cpu freq: 160000000 Hz[0m
[0;32mI (199) cpu_start: Application information:[0m
[0;32mI (202) cpu_start: Project name:     bai5[0m
[0;32mI (207) cpu_start: App version:      v5.2.1-dirty[0m
[0;32mI (212) cpu_start: Compile time:     May  8 2024 01:06:53[0m
[0;32mI (218) cpu_start: ELF file SHA256:  2fbab6a60...[0m
[0;32mI (224) cpu_start: ESP-IDF:          v5.2.1-dirty[0m
[0;32mI (229) cpu_start: Min chip rev:     v0.0[0m
[0;32mI (234) cpu_start: Max chip rev:     v3.99 [0m
[0;32mI (239) cpu_start: Chip rev:         v3.1[0m
[0;32mI (244) heap_init: Initializing. RAM available for dynamic allocation:[0m
[0;32mI (251) heap_init: At 3FFAE6E0 len 00001920 (6 KiB): DRAM[0m
[0;32mI (257) heap_init: At 3FFB2AD0 len 0002D530 (181 KiB): DRAM[0m
[0;32mI (263) heap_init: At 3FFE0440 len 00003AE0 (14 KiB): D/IRAM[0m
[0;32mI (269) heap_init: At 3FFE4350 len 0001BCB0 (111 KiB): D/IRAM[0m
[0;32mI (276) heap_init: At 4008C744 len 000138BC (78 KiB): IRAM[0m
[0;32mI (283) spi_flash: detected chip: generic[0m
[0;32mI (286) spi_flash: flash io: dio[0m
[0;33mW (290) spi_flash: Detected size(4096k) larger than the size in the binary image header(2048k). Using the size in the binary image header.[0m
[0;32mI (304) main_task: Started on CPU0[0m
[0;32mI (314) main_task: Calling app_main()[0m
[0;32mI (314) app_main: Starting tasks...[0m

assert failed: spinlock_acquire spinlock.h:140 (lock->count == 0)


Backtrace: 0x400815ea:0x3ffb57b0 0x400857bd:0x3ffb57d0 0x4008b211:0x3ffb57f0 0x400862a6:0x3ffb5910 0x40085e7c:0x3ffb5940 0x40085f56:0x3ffb5980 0x40082661:0x3ffb59a0 0x40082769:0x3ffb59d0 0x400d5243:0x3ffb59f0 0x400d40fb:0x3ffb5a10 0x400d3c86:0x3ffb5a30 0x4000bd83:0x3ffb5a50 0x4000117d:0x3ffb5a70 0x400592fe:0x3ffb5a90 0x4005937a:0x3ffb5ab0 0x400d8045:0x3ffb5ad0 0x400dbf7f:0x3ffb5b00 0x400db942:0x3ffb5b20 0x400d80ed:0x3ffb5e40 0x400e35e1:0x3ffb5e70 0x4008af61:0x3ffb5ea0 0x400d52bc:0x3ffb5ef0 0x40086021:0x3ffb5f10




ELF file SHA256: 2fbab6a60

Rebooting...
ets Jul 29 2019 12:21:46

rst:0xc (SW_CPU_RESET),boot:0x13 (SPI_FAST_FLASH_BOOT)
configsip: 0, SPIWP:0xee
clk_drv:0x00,q_drv:0x00,d_drv:0x00,cs0_drv:0x00,hd_drv:0x00,wp_drv:0x00
mode:DIO, clock div:2
load:0x3fff0030,len:7172
load:0x40078000,len:15540
load:0x40080400,len:4
ho 8 tail 4 room 4
load:0x40080404,len:3904
entry 0x40080640
[0;32mI (31) boot: ESP-IDF v5.2.1-dirty 2nd stage bootloader[0m
[0;32mI (31) boot: compile time May  8 2024 01:07:40[0m
[0;32mI (31) boot: Multicore bootloader[0m
[0;32mI (36) boot: chip revision: v3.1[0m
[0;32mI (40) boot.esp32: SPI Speed      : 40MHz[0m
[0;32mI (44) boot.esp32: SPI Mode       : DIO[0m
[0;32mI (49) boot.esp32: SPI Flash Size : 2MB[0m
[0;32mI (53) boot: Enabling RNG early entropy source...[0m
[0;32mI (59) boot: Partition Table:[0m
[0;32mI (62) boot: ## Label            Usage          Type ST Offset   Length[0m
[0;32mI (70) boot:  0 nvs              WiFi data        01 02 00009000 00006000[0m
[0;32mI (77) boot:  1 phy_init         RF data          01 01 0000f000 00001000[0m
[0;32mI (84) boot:  2 factory          factory app      00 00 00010000 00100000[0m
[0;32mI (92) boot: End of partition table[0m
[0;32mI (96) esp_image: segment 0: paddr=00010020 vaddr=3f400020 size=096b4h ( 38580) map[0m
[0;32mI (118) esp_image: segment 1: paddr=000196dc vaddr=3ffb0000 size=0220ch (  8716) load[0m
[0;32mI (121) esp_image: segment 2: paddr=0001b8f0 vaddr=40080000 size=04728h ( 18216) load[0m
[0;32mI (131) esp_image: segment 3: paddr=00020020 vaddr=400d0020 size=1364ch ( 79436) map[0m
[0;32mI (159) esp_image: segment 4: paddr=00033674 vaddr=40084728 size=0801ch ( 32796) load[0m
[0;32mI (179) boot: Loaded app from partition at offset 0x10000[0m
[0;32mI (179) boot: Disabling RNG early entropy source...[0m
[0;32mI (190) cpu_start: Multicore app[0m
[0;32mI (199) cpu_start: Pro cpu start user code[0m
[0;32mI (199) cpu_start: cpu freq: 160000000 Hz[0m
[0;32mI (199) cpu_start: Application information:[0m
[0;32mI (202) cpu_start: Project name:     bai5[0m
[0;32mI (207) cpu_start: App version:      v5.2.1-dirty[0m
[0;32mI (212) cpu_start: Compile time:     May  8 2024 01:06:53[0m
[0;32mI (218) cpu_start: ELF file SHA256:  2fbab6a60...[0m
[0;32mI (224) cpu_start: ESP-IDF:          v5.2.1-dirty[0m
[0;32mI (229) cpu_start: Min chip rev:     v0.0[0m
[0;32mI (234) cpu_start: Max chip rev:     v3.99 [0m
[0;32mI (239) cpu_start: Chip rev:         v3.1[0m
[0;32mI (244) heap_init: Initializing. RAM available for dynamic allocation:[0m
[0;32mI (251) heap_init: At 3FFAE6E0 len 00001920 (6 KiB): DRAM[0m
[0;32mI (257) heap_init: At 3FFB2AD0 len 0002D530 (181 KiB): DRAM[0m
[0;32mI (263) heap_init: At 3FFE0440 len 00003AE0 (14 KiB): D/IRAM[0m
[0;32mI (269) heap_init: At 3FFE4350 len 0001BCB0 (111 KiB): D/IRAM[0m
[0;32mI (276) heap_init: At 4008C744 len 000138BC (78 KiB): IRAM[0m
[0;32mI (283) spi_flash: detected chip: generic[0m
[0;32mI (286) spi_flash: flash io: dio[0m
[0;33mW (290) spi_flash: Detected size(4096k) larger than the size in the binary image header(2048k). Using the size in the binary image header.[0m
[0;32mI (304) main_task: Started on CPU0[0m
[0;32mI (314) main_task: Calling app_main()[0m
[0;32mI (314) app_main: Starting tasks...[0m

assert failed: spinlock_acquire spinlock.h:140 (lock->count == 0)


Backtrace: 0x400815ea:0x3ffb57b0 0x400857bd:0x3ffb57d0 0x4008b211:0x3ffb57f0 0x400862a6:0x3ffb5910 0x40085e7c:0x3ffb5940 0x40085f56:0x3ffb5980 0x40082661:0x3ffb59a0 0x40082769:0x3ffb59d0 0x400d5243:0x3ffb59f0 0x400d40fb:0x3ffb5a10 0x400d3c86:0x3ffb5a30 0x4000bd83:0x3ffb5a50 0x4000117d:0x3ffb5a70 0x400592fe:0x3ffb5a90 0x4005937a:0x3ffb5ab0 0x400d8045:0x3ffb5ad0 0x400dbf7f:0x3ffb5b00 0x400db942:0x3ffb5b20 0x400d80ed:0x3ffb5e40 0x400e35e1:0x3ffb5e70 0x4008af61:0x3ffb5ea0 0x400d52bc:0x3ffb5ef0 0x40086021:0x3ffb5f10




ELF file SHA256: 2fbab6a60

Rebooting...
ets Jul 29 2019 12:21:46

rst:0xc (SW_CPU_RESET),boot:0x13 (SPI_FAST_FLASH_BOOT)
configsip: 0, SPIWP:0xee
clk_drv:0x00,q_drv:0x00,d_drv:0x00,cs0_drv:0x00,hd_drv:0x00,wp_drv:0x00
mode:DIO, clock div:2
load:0x3fff0030,len:7172
load:0x40078000,len:15540
load:0x40080400,len:4
ho 8 tail 4 room 4
load:0x40080404,len:3904
entry 0x40080640
[0;32mI (31) boot: ESP-IDF v5.2.1-dirty 2nd stage bootloader[0m
[0;32mI (31) boot: compile time May  8 2024 01:07:40[0m
[0;32mI (31) boot: Multicore bootloader[0m
[0;32mI (36) boot: chip revision: v3.1[0m
[0;32mI (40) boot.esp32: SPI Speed      : 40MHz[0m
[0;32mI (44) boot.esp32: SPI Mode       : DIO[0m
[0;32mI (49) boot.esp32: SPI Flash Size : 2MB[0m
[0;32mI (53) boot: Enabling RNG early entropy source...[0m
[0;32mI (59) boot: Partition Table:[0m
[0;32mI (62) boot: ## Label            Usage          Type ST Offset   Length[0m
[0;32mI (70) boot:  0 nvs              WiFi data        01 02 00009000 00006000[0m
[0;32mI (77) boot:  1 phy_init         RF data          01 01 0000f000 00001000[0m
[0;32mI (84) boot:  2 factory          factory app      00 00 00010000 00100000[0m
[0;32mI (92) boot: End of partition table[0m
[0;32mI (96) esp_image: segment 0: paddr=00010020 vaddr=3f400020 size=096b4h ( 38580) map[0m
[0;32mI (118) esp_image: segment 1: paddr=000196dc vaddr=3ffb0000 size=0220ch (  8716) load[0m
[0;32mI (121) esp_image: segment 2: paddr=0001b8f0 vaddr=40080000 size=04728h ( 18216) load[0m
[0;32mI (131) esp_image: segment 3: paddr=00020020 vaddr=400d0020 size=1364ch ( 79436) map[0m
[0;32mI (159) esp_image: segment 4: paddr=00033674 vaddr=40084728 size=0801ch ( 32796) load[0m
[0;32mI (179) boot: Loaded app from partition at offset 0x10000[0m
[0;32mI (179) boot: Disabling RNG early entropy source...[0m
[0;32mI (190) cpu_start: Multicore app[0m
[0;32mI (199) cpu_start: Pro cpu start user code[0m
[0;32mI (199) cpu_start: cpu freq: 160000000 Hz[0m
[0;32mI (199) cpu_start: Application information:[0m
[0;32mI (202) cpu_start: Project name:     bai5[0m
[0;32mI (207) cpu_start: App version:      v5.2.1-dirty[0m
[0;32mI (212) cpu_start: Compile time:     May  8 2024 01:06:53[0m
[0;32mI (218) cpu_start: ELF file SHA256:  2fbab6a60...[0m
[0;32mI (224) cpu_start: ESP-IDF:          v5.2.1-dirty[0m
[0;32mI (229) cpu_start: Min chip rev:     v0.0[0m
[0;32mI (234) cpu_start: Max chip rev:     v3.99 [0m
[0;32mI (239) cpu_start: Chip rev:         v3.1[0m
[0;32mI (244) heap_init: Initializing. RAM available for dynamic allocation:[0m
[0;32mI (251) heap_init: At 3FFAE6E0 len 00001920 (6 KiB): DRAM[0m
[0;32mI (257) heap_init: At 3FFB2AD0 len 0002D530 (181 KiB): DRAM[0m
[0;32mI (263) heap_init: At 3FFE0440 len 00003AE0 (14 KiB): D/IRAM[0m
[0;32mI (269) heap_init: At 3FFE4350 len 0001BCB0 (111 KiB): D/IRAM[0m
[0;32mI (276) heap_init: At 4008C744 len 000138BC (78 KiB): IRAM[0m
[0;32mI (283) spi_flash: detected chip: generic[0m
[0;32mI (286) spi_flash: flash io: dio[0m
[0;33mW (290) spi_flash: Detected size(4096k) larger than the size in the binary image header(2048k). Using the size in the binary image header.[0m
[0;32mI (304) main_task: Started on CPU0[0m
[0;32mI (314) main_task: Calling app_main()[0m
[0;32mI (314) app_main: Starting tasks...[0m

assert failed: spinlock_acquire spinlock.h:140 (lock->count == 0)


Backtrace: 0x400815ea:0x3ffb57b0 0x400857bd:0x3ffb57d0 0x4008b211:0x3ffb57f0 0x400862a6:0x3ffb5910 0x40085e7c:0x3ffb5940 0x40085f56:0x3ffb5980 0x40082661:0x3ffb59a0 0x40082769:0x3ffb59d0 0x400d5243:0x3ffb59f0 0x400d40fb:0x3ffb5a10 0x400d3c86:0x3ffb5a30 0x4000bd83:0x3ffb5a50 0x4000117d:0x3ffb5a70 0x400592fe:0x3ffb5a90 0x4005937a:0x3ffb5ab0 0x400d8045:0x3ffb5ad0 0x400dbf7f:0x3ffb5b00 0x400db942:0x3ffb5b20 0x400d80ed:0x3ffb5e40 0x400e35e1:0x3ffb5e70 0x4008af61:0x3ffb5ea0 0x400d52bc:0x3ffb5ef0 0x40086021:0x3ffb5f10




ELF file SHA256: 2fbab6a60

Rebooting...
ets Jul 29 2019 12:21:46

rst:0xc (SW_CPU_RESET),boot:0x13 (SPI_FAST_FLASH_BOOT)
configsip: 0, SPIWP:0xee
clk_drv:0x00,q_drv:0x00,d_drv:0x00,cs0_drv:0x00,hd_drv:0x00,wp_drv:0x00
mode:DIO, clock div:2
load:0x3fff0030,len:7172
load:0x40078000,len:15540
load:0x40080400,len:4
ho 8 tail 4 room 4
load:0x40080404,len:3904
entry 0x40080640
[0;32mI (31) boot: ESP-IDF v5.2.1-dirty 2nd stage bootloader[0m
[0;32mI (31) boot: compile time May  8 2024 01:07:40[0m
[0;32mI (31) boot: Multicore bootloader[0m
[0;32mI (36) boot: chip revision: v3.1[0m
[0;32mI (40) boot.esp32: SPI Speed      : 40MHz[0m
[0;32mI (44) boot.esp32: SPI Mode       : DIO[0m
[0;32mI (49) boot.esp32: SPI Flash Size : 2MB[0m
[0;32mI (53) boot: Enabling RNG early entropy source...[0m
[0;32mI (59) boot: Partition Table:[0m
[0;32mI (62) boot: ## Label            Usage          Type ST Offset   Length[0m
[0;32mI (70) boot:  0 nvs              WiFi data        01 02 00009000 00006000[0m
[0;32mI (77) boot:  1 phy_init         RF data          01 01 0000f000 00001000[0m
[0;32mI (84) boot:  2 factory          factory app      00 00 00010000 00100000[0m
[0;32mI (92) boot: End of partition table[0m
[0;32mI (96) esp_image: segment 0: paddr=00010020 vaddr=3f400020 size=096b4h ( 38580) map[0m
[0;32mI (118) esp_image: segment 1: paddr=000196dc vaddr=3ffb0000 size=0220ch (  8716) load[0m
[0;32mI (121) esp_image: segment 2: paddr=0001b8f0 vaddr=40080000 size=04728h ( 18216) load[0m
[0;32mI (131) esp_image: segment 3: paddr=00020020 vaddr=400d0020 size=1364ch ( 79436) map[0m
[0;32mI (159) esp_image: segment 4: paddr=00033674 vaddr=40084728 size=0801ch ( 32796) load[0m
[0;32mI (179) boot: Loaded app from partition at offset 0x10000[0m
[0;32mI (179) boot: Disabling RNG early entropy source...[0m
[0;32mI (190) cpu_start: Multicore app[0m
[0;32mI (199) cpu_start: Pro cpu start user code[0m
[0;32mI (199) cpu_start: cpu freq: 160000000 Hz[0m
[0;32mI (199) cpu_start: Application information:[0m
[0;32mI (202) cpu_start: Project name:     bai5[0m
[0;32mI (207) cpu_start: App version:      v5.2.1-dirty[0m
[0;32mI (212) cpu_start: Compile time:     May  8 2024 01:06:53[0m
[0;32mI (218) cpu_start: ELF file SHA256:  2fbab6a60...[0m
[0;32mI (224) cpu_start: ESP-IDF:          v5.2.1-dirty[0m
[0;32mI (229) cpu_start: Min chip rev:     v0.0[0m
[0;32mI (234) cpu_start: Max chip rev:     v3.99 [0m
[0;32mI (239) cpu_start: Chip rev:         v3.1[0m
[0;32mI (244) heap_init: Initializing. RAM available for dynamic allocation:[0m
[0;32mI (251) heap_init: At 3FFAE6E0 len 00001920 (6 KiB): DRAM[0m
[0;32mI (257) heap_init: At 3FFB2AD0 len 0002D530 (181 KiB): DRAM[0m
[0;32mI (263) heap_init: At 3FFE0440 len 00003AE0 (14 KiB): D/IRAM[0m
[0;32mI (269) heap_init: At 3FFE4350 len 0001BCB0 (111 KiB): D/IRAM[0m
[0;32mI (276) heap_init: At 4008C744 len 000138BC (78 KiB): IRAM[0m
[0;32mI (283) spi_flash: detected chip: generic[0m
[0;32mI (286) spi_flash: flash io: dio[0m
[0;33mW (290) spi_flash: Detected size(4096k) larger than the size in the binary image header(2048k). Using the size in the binary image header.[0m
[0;32mI (304) main_task: Started on CPU0[0m
[0;32mI (314) main_task: Calling app_main()[0m
[0;32mI (314) app_main: Starting tasks...[0m

assert failed: spinlock_acquire spinlock.h:140 (lock->count == 0)


Backtrace: 0x400815ea:0x3ffb57b0 0x400857bd:0x3ffb57d0 0x4008b211:0x3ffb57f0 0x400862a6:0x3ffb5910 0x40085e7c:0x3ffb5940 0x40085f56:0x3ffb5980 0x40082661:0x3ffb59a0 0x40082769:0x3ffb59d0 0x400d5243:0x3ffb59f0 0x400d40fb:0x3ffb5a10 0x400d3c86:0x3ffb5a30 0x4000bd83:0x3ffb5a50 0x4000117d:0x3ffb5a70 0x400592fe:0x3ffb5a90 0x4005937a:0x3ffb5ab0 0x400d8045:0x3ffb5ad0 0x400dbf7f:0x3ffb5b00 0x400db942:0x3ffb5b20 0x400d80ed:0x3ffb5e40 0x400e35e1:0x3ffb5e70 0x4008af61:0x3ffb5ea0 0x400d52bc:0x3ffb5ef0 0x40086021:0x3ffb5f10




ELF file SHA256: 2fbab6a60

Rebooting...
ets Jul 29 2019 12:21:46

rst:0xc (SW_CPU_RESET),boot:0x13 (SPI_FAST_FLASH_BOOT)
configsip: 0, SPIWP:0xee
clk_drv:0x00,q_drv:0x00,d_drv:0x00,cs0_drv:0x00,hd_drv:0x00,wp_drv:0x00
mode:DIO, clock div:2
load:0x3fff0030,len:7172
load:0x40078000,len:15540
load:0x40080400,len:4
ho 8 tail 4 room 4
load:0x40080404,len:3904
entry 0x40080640
[0;32mI (31) boot: ESP-IDF v5.2.1-dirty 2nd stage bootloader[0m
[0;32mI (31) boot: compile time May  8 2024 01:07:40[0m
[0;32mI (31) boot: Multicore bootloader[0m
[0;32mI (36) boot: chip revision: v3.1[0m
[0;32mI (40) boot.esp32: SPI Speed      : 40MHz[0m
[0;32mI (44) boot.esp32: SPI Mode       : DIO[0m
[0;32mI (49) boot.esp32: SPI Flash Size : 2MB[0m
[0;32mI (53) boot: Enabling RNG early entropy source...[0m
[0;32mI (59) boot: Partition Table:[0m
[0;32mI (62) boot: ## Label            Usage          Type ST Offset   Length[0m
[0;32mI (70) boot:  0 nvs              WiFi data        01 02 00009000 00006000[0m
[0;32mI (77) boot:  1 phy_init         RF data          01 01 0000f000 00001000[0m
[0;32mI (84) boot:  2 factory          factory app      00 00 00010000 00100000[0m
[0;32mI (92) boot: End of partition table[0m
[0;32mI (96) esp_image: segment 0: paddr=00010020 vaddr=3f400020 size=096b4h ( 38580) map[0m
[0;32mI (118) esp_image: segment 1: paddr=000196dc vaddr=3ffb0000 size=0220ch (  8716) load[0m
[0;32mI (121) esp_image: segment 2: paddr=0001b8f0 vaddr=40080000 size=04728h ( 18216) load[0m
[0;32mI (131) esp_image: segment 3: paddr=00020020 vaddr=400d0020 size=1364ch ( 79436) map[0m
[0;32mI (159) esp_image: segment 4: paddr=00033674 vaddr=40084728 size=0801ch ( 32796) load[0m
